20.40.51.31 - - [01/Oct/2022:17:00:26 -0700] "POST / HTTP/1.1" 200 26600 "-" "Mozilla/5.0 (Linux; U; Android 4.4.2; en-US; HM NOTE 1W Build/KOT49H) AppleWebKit/534.30 (KHTML, like Gecko) Version/4.0 UCBrowser/11.0.5.850 U3/0.8.0 Mobile Safari/534.30" "regusciair.com"
20.40.51.31 - - [01/Oct/2022:17:08:09 -0700] "POST / HTTP/1.1" 200 26600 "-" "Mozilla/5.0 (Linux; U; Android 4.4.2; en-US; HM NOTE 1W Build/KOT49H) AppleWebKit/534.30 (KHTML, like Gecko) Version/4.0 UCBrowser/11.0.5.850 U3/0.8.0 Mobile Safari/534.30" "regusciair.com"
20.40.51.31 - - [01/Oct/2022:17:08:16 -0700] "GET /vendor/phpunit/phpunit/src/Util/PHP/eval-stdin.php HTTP/1.1" 404 88 "-" "python-requests/2.28.1" "regusciair.com"
20.40.51.31 - - [01/Oct/2022:17:09:48 -0700] "POST / HTTP/1.1" 200 26600 "-" "Mozilla/5.0 (Linux; U; Android 4.4.2; en-US; HM NOTE 1W Build/KOT49H) AppleWebKit/534.30 (KHTML, like Gecko) Version/4.0 UCBrowser/11.0.5.850 U3/0.8.0 Mobile Safari/534.30" "regusciair.com"
20.40.51.31 - - [01/Oct/2022:17:16:01 -0700] "POST / HTTP/1.1" 200 26600 "-" "Mozilla/5.0 (Linux; U; Android 4.4.2; en-US; HM NOTE 1W Build/KOT49H) AppleWebKit/534.30 (KHTML, like Gecko) Version/4.0 UCBrowser/11.0.5.850 U3/0.8.0 Mobile Safari/534.30" "regusciair.com"
20.40.51.31 - - [01/Oct/2022:17:16:07 -0700] "GET /vendor/phpunit/phpunit/src/Util/PHP/eval-stdin.php HTTP/1.1" 404 88 "-" "python-requests/2.28.1" "regusciair.com"
20.40.51.31 - - [01/Oct/2022:17:22:52 -0700] "POST / HTTP/1.1" 200 26600 "-" "Mozilla/5.0 (Linux; U; Android 4.4.2; en-US; HM NOTE 1W Build/KOT49H) AppleWebKit/534.30 (KHTML, like Gecko) Version/4.0 UCBrowser/11.0.5.850 U3/0.8.0 Mobile Safari/534.30" "regusciair.com"
20.40.51.31 - - [01/Oct/2022:17:22:57 -0700] "GET /vendor/phpunit/phpunit/src/Util/PHP/eval-stdin.php HTTP/1.1" 404 88 "-" "python-requests/2.28.1" "regusciair.com"
20.40.51.31 - - [01/Oct/2022:17:25:08 -0700] "POST / HTTP/1.1" 200 26600 "-" "Mozilla/5.0 (Linux; U; Android 4.4.2; en-US; HM NOTE 1W Build/KOT49H) AppleWebKit/534.30 (KHTML, like Gecko) Version/4.0 UCBrowser/11.0.5.850 U3/0.8.0 Mobile Safari/534.30" "regusciair.com"
20.40.51.31 - - [01/Oct/2022:17:25:14 -0700] "GET /vendor/phpunit/phpunit/src/Util/PHP/eval-stdin.php HTTP/1.1" 404 88 "-" "python-requests/2.28.1" "regusciair.com"
20.40.51.31 - - [01/Oct/2022:17:26:44 -0700] "POST / HTTP/1.1" 200 26600 "-" "Mozilla/5.0 (Linux; U; Android 4.4.2; en-US; HM NOTE 1W Build/KOT49H) AppleWebKit/534.30 (KHTML, like Gecko) Version/4.0 UCBrowser/11.0.5.850 U3/0.8.0 Mobile Safari/534.30" "regusciair.com"
20.40.51.31 - - [01/Oct/2022:17:26:47 -0700] "GET /vendor/phpunit/phpunit/src/Util/PHP/eval-stdin.php HTTP/1.1" 404 88 "-" "python-requests/2.28.1" "regusciair.com"
112.86.116.45 - - [01/Oct/2022:17:28:03 -0700] "GET /contacto/ HTTP/1.1" 200 37697 "https://regusciair.com/contacto/" "Mozilla/5.0 (Windows NT 10.0) AppleWebKit/537.36 (KHTML, like Gecko) Chrome/90.0.4430.72 Safari/537.36" "regusciair.com"
112.86.116.45 - - [01/Oct/2022:17:28:05 -0700] "POST /contacto/ HTTP/1.1" 200 37697 "https://regusciair.com/contacto/" "Mozilla/5.0 (Windows NT 10.0) AppleWebKit/537.36 (KHTML, like Gecko) Chrome/90.0.4430.72 Safari/537.36" "regusciair.com"
112.86.116.45 - - [01/Oct/2022:17:36:26 -0700] "GET /contact_us/ HTTP/1.1" 200 37527 "https://regusciair.com/contact_us/" "Mozilla/5.0 (Windows NT 6.1) AppleWebKit/537.36 (KHTML, like Gecko) Chrome/90.0.4430.72 Safari/537.36" "regusciair.com"
112.86.116.45 - - [01/Oct/2022:17:36:28 -0700] "POST /contact_us/ HTTP/1.1" 200 37527 "https://regusciair.com/contact_us/" "Mozilla/5.0 (Windows NT 6.1) AppleWebKit/537.36 (KHTML, like Gecko) Chrome/90.0.4430.72 Safari/537.36" "regusciair.com"
20.40.51.31 - - [01/Oct/2022:17:43:30 -0700] "POST / HTTP/1.1" 200 26600 "-" "Mozilla/5.0 (Linux; U; Android 4.4.2; en-US; HM NOTE 1W Build/KOT49H) AppleWebKit/534.30 (KHTML, like Gecko) Version/4.0 UCBrowser/11.0.5.850 U3/0.8.0 Mobile Safari/534.30" "regusciair.com"
20.40.51.31 - - [01/Oct/2022:17:43:33 -0700] "GET /vendor/phpunit/phpunit/src/Util/PHP/eval-stdin.php HTTP/1.1" 404 88 "-" "python-requests/2.28.1" "regusciair.com"
20.40.51.31 - - [01/Oct/2022:17:49:50 -0700] "POST / HTTP/1.1" 200 26600 "-" "Mozilla/5.0 (Linux; U; Android 4.4.2; en-US; HM NOTE 1W Build/KOT49H) AppleWebKit/534.30 (KHTML, like Gecko) Version/4.0 UCBrowser/11.0.5.850 U3/0.8.0 Mobile Safari/534.30" "regusciair.com"
20.40.51.31 - - [01/Oct/2022:17:49:56 -0700] "GET /vendor/phpunit/phpunit/src/Util/PHP/eval-stdin.php HTTP/1.1" 404 88 "-" "python-requests/2.28.1" "regusciair.com"
20.40.51.31 - - [01/Oct/2022:18:00:28 -0700] "POST / HTTP/1.1" 200 26600 "-" "Mozilla/5.0 (Linux; U; Android 4.4.2; en-US; HM NOTE 1W Build/KOT49H) AppleWebKit/534.30 (KHTML, like Gecko) Version/4.0 UCBrowser/11.0.5.850 U3/0.8.0 Mobile Safari/534.30" "regusciair.com"
20.40.51.31 - - [01/Oct/2022:18:00:32 -0700] "GET /vendor/phpunit/phpunit/src/Util/PHP/eval-stdin.php HTTP/1.1" 404 88 "-" "python-requests/2.28.1" "regusciair.com"
157.55.39.222 - - [01/Oct/2022:18:04:02 -0700] "GET /sitemap.xml HTTP/1.1" 200 293 "-" "Mozilla/5.0 (compatible; bingbot/2.0; +http://www.bing.com/bingbot.htm)" "regusciair.com"
20.40.51.31 - - [01/Oct/2022:18:05:07 -0700] "POST / HTTP/1.1" 200 26600 "-" "Mozilla/5.0 (Linux; U; Android 4.4.2; en-US; HM NOTE 1W Build/KOT49H) AppleWebKit/534.30 (KHTML, like Gecko) Version/4.0 UCBrowser/11.0.5.850 U3/0.8.0 Mobile Safari/534.30" "regusciair.com"
20.40.51.31 - - [01/Oct/2022:18:05:13 -0700] "GET /vendor/phpunit/phpunit/src/Util/PHP/eval-stdin.php HTTP/1.1" 404 88 "-" "python-requests/2.28.1" "regusciair.com"
20.40.51.31 - - [01/Oct/2022:18:15:23 -0700] "POST / HTTP/1.1" 200 26600 "-" "Mozilla/5.0 (Linux; U; Android 4.4.2; en-US; HM NOTE 1W Build/KOT49H) AppleWebKit/534.30 (KHTML, like Gecko) Version/4.0 UCBrowser/11.0.5.850 U3/0.8.0 Mobile Safari/534.30" "regusciair.com"
20.40.51.31 - - [01/Oct/2022:18:15:28 -0700] "GET /vendor/phpunit/phpunit/src/Util/PHP/eval-stdin.php HTTP/1.1" 404 88 "-" "python-requests/2.28.1" "regusciair.com"
20.40.51.31 - - [01/Oct/2022:18:32:06 -0700] "POST / HTTP/1.1" 200 26600 "-" "Mozilla/5.0 (Linux; U; Android 4.4.2; en-US; HM NOTE 1W Build/KOT49H) AppleWebKit/534.30 (KHTML, like Gecko) Version/4.0 UCBrowser/11.0.5.850 U3/0.8.0 Mobile Safari/534.30" "regusciair.com"
20.40.51.31 - - [01/Oct/2022:18:32:11 -0700] "GET /vendor/phpunit/phpunit/src/Util/PHP/eval-stdin.php HTTP/1.1" 404 88 "-" "python-requests/2.28.1" "regusciair.com"
194.9.177.64 - - [01/Oct/2022:18:52:45 -0700] "GET /contacto/ HTTP/1.1" 200 37697 "https://regusciair.com/contacto/" "Mozilla/5.0 (Windows NT 6.1; Win64; x64) AppleWebKit/537.36 (KHTML, like Gecko) Chrome/90.0.4430.72 Safari/537.36" "regusciair.com"
194.9.177.64 - - [01/Oct/2022:18:52:46 -0700] "POST /contacto/ HTTP/1.1" 200 37697 "https://regusciair.com/contacto/" "Mozilla/5.0 (Windows NT 6.1; Win64; x64) AppleWebKit/537.36 (KHTML, like Gecko) Chrome/90.0.4430.72 Safari/537.36" "regusciair.com"
20.40.51.31 - - [01/Oct/2022:18:55:50 -0700] "POST / HTTP/1.1" 200 26600 "-" "Mozilla/5.0 (Linux; U; Android 4.4.2; en-US; HM NOTE 1W Build/KOT49H) AppleWebKit/534.30 (KHTML, like Gecko) Version/4.0 UCBrowser/11.0.5.850 U3/0.8.0 Mobile Safari/534.30" "regusciair.com"
20.40.51.31 - - [01/Oct/2022:18:55:53 -0700] "GET /vendor/phpunit/phpunit/src/Util/PHP/eval-stdin.php HTTP/1.1" 404 88 "-" "python-requests/2.28.1" "regusciair.com"
20.40.51.31 - - [01/Oct/2022:19:06:54 -0700] "POST / HTTP/1.1" 200 26600 "-" "Mozilla/5.0 (Linux; U; Android 4.4.2; en-US; HM NOTE 1W Build/KOT49H) AppleWebKit/534.30 (KHTML, like Gecko) Version/4.0 UCBrowser/11.0.5.850 U3/0.8.0 Mobile Safari/534.30" "regusciair.com"
118.212.50.237 - - [01/Oct/2022:19:10:20 -0700] "GET / HTTP/1.1" 200 134620 "https://regusciair.com/" "Mozilla/5.0 (Windows NT 6.1) AppleWebKit/537.36 (KHTML, like Gecko) Chrome/90.0.4430.93 Safari/537.36" "regusciair.com"
118.212.50.237 - - [01/Oct/2022:19:10:24 -0700] "GET /contacto HTTP/1.1" 200 37697 "https://regusciair.com/contacto" "Mozilla/5.0 (Windows NT 6.1) AppleWebKit/537.36 (KHTML, like Gecko) Chrome/90.0.4430.93 Safari/537.36" "regusciair.com"
20.40.51.31 - - [01/Oct/2022:19:11:58 -0700] "POST / HTTP/1.1" 200 26600 "-" "Mozilla/5.0 (Linux; U; Android 4.4.2; en-US; HM NOTE 1W Build/KOT49H) AppleWebKit/534.30 (KHTML, like Gecko) Version/4.0 UCBrowser/11.0.5.850 U3/0.8.0 Mobile Safari/534.30" "regusciair.com"
20.40.51.31 - - [01/Oct/2022:19:12:02 -0700] "GET /vendor/phpunit/phpunit/src/Util/PHP/eval-stdin.php HTTP/1.1" 404 88 "-" "python-requests/2.28.1" "regusciair.com"
20.40.51.31 - - [01/Oct/2022:19:16:43 -0700] "POST / HTTP/1.1" 200 26600 "-" "Mozilla/5.0 (Linux; U; Android 4.4.2; en-US; HM NOTE 1W Build/KOT49H) AppleWebKit/534.30 (KHTML, like Gecko) Version/4.0 UCBrowser/11.0.5.850 U3/0.8.0 Mobile Safari/534.30" "regusciair.com"
20.40.51.31 - - [01/Oct/2022:19:16:46 -0700] "GET /vendor/phpunit/phpunit/src/Util/PHP/eval-stdin.php HTTP/1.1" 404 88 "-" "python-requests/2.28.1" "regusciair.com"
20.40.51.31 - - [01/Oct/2022:19:17:30 -0700] "POST / HTTP/1.1" 200 26600 "-" "Mozilla/5.0 (Linux; U; Android 4.4.2; en-US; HM NOTE 1W Build/KOT49H) AppleWebKit/534.30 (KHTML, like Gecko) Version/4.0 UCBrowser/11.0.5.850 U3/0.8.0 Mobile Safari/534.30" "regusciair.com"
20.40.51.31 - - [01/Oct/2022:19:17:34 -0700] "GET /vendor/phpunit/phpunit/src/Util/PHP/eval-stdin.php HTTP/1.1" 404 88 "-" "python-requests/2.28.1" "regusciair.com"
20.40.51.31 - - [01/Oct/2022:19:26:33 -0700] "POST / HTTP/1.1" 200 26600 "-" "Mozilla/5.0 (Linux; U; Android 4.4.2; en-US; HM NOTE 1W Build/KOT49H) AppleWebKit/534.30 (KHTML, like Gecko) Version/4.0 UCBrowser/11.0.5.850 U3/0.8.0 Mobile Safari/534.30" "regusciair.com"
20.40.51.31 - - [01/Oct/2022:19:26:45 -0700] "POST / HTTP/1.1" 200 26600 "-" "Mozilla/5.0 (Linux; U; Android 4.4.2; en-US; HM NOTE 1W Build/KOT49H) AppleWebKit/534.30 (KHTML, like Gecko) Version/4.0 UCBrowser/11.0.5.850 U3/0.8.0 Mobile Safari/534.30" "regusciair.com"
20.40.51.31 - - [01/Oct/2022:19:26:51 -0700] "GET /vendor/phpunit/phpunit/src/Util/PHP/eval-stdin.php HTTP/1.1" 404 88 "-" "python-requests/2.28.1" "regusciair.com"
20.40.51.31 - - [01/Oct/2022:19:31:59 -0700] "POST / HTTP/1.1" 200 26600 "-" "Mozilla/5.0 (Linux; U; Android 4.4.2; en-US; HM NOTE 1W Build/KOT49H) AppleWebKit/534.30 (KHTML, like Gecko) Version/4.0 UCBrowser/11.0.5.850 U3/0.8.0 Mobile Safari/534.30" "regusciair.com"
20.40.51.31 - - [01/Oct/2022:19:32:03 -0700] "GET /vendor/phpunit/phpunit/src/Util/PHP/eval-stdin.php HTTP/1.1" 404 88 "-" "python-requests/2.28.1" "regusciair.com"
207.46.13.209 - - [01/Oct/2022:19:36:15 -0700] "GET /donate_-_donar HTTP/1.1" 200 4713 "-" "Mozilla/5.0 (compatible; bingbot/2.0; +http://www.bing.com/bingbot.htm)" "regusciair.com"
20.40.51.31 - - [01/Oct/2022:19:38:55 -0700] "POST / HTTP/1.1" 200 26600 "-" "Mozilla/5.0 (Linux; U; Android 4.4.2; en-US; HM NOTE 1W Build/KOT49H) AppleWebKit/534.30 (KHTML, like Gecko) Version/4.0 UCBrowser/11.0.5.850 U3/0.8.0 Mobile Safari/534.30" "regusciair.com"
20.40.51.31 - - [01/Oct/2022:19:38:57 -0700] "POST / HTTP/1.1" 200 26600 "-" "Mozilla/5.0 (Linux; U; Android 4.4.2; en-US; HM NOTE 1W Build/KOT49H) AppleWebKit/534.30 (KHTML, like Gecko) Version/4.0 UCBrowser/11.0.5.850 U3/0.8.0 Mobile Safari/534.30" "regusciair.com"
20.40.51.31 - - [01/Oct/2022:19:39:00 -0700] "GET /vendor/phpunit/phpunit/src/Util/PHP/eval-stdin.php HTTP/1.1" 404 88 "-" "python-requests/2.28.1" "regusciair.com"
20.40.51.31 - - [01/Oct/2022:19:39:03 -0700] "GET /vendor/phpunit/phpunit/src/Util/PHP/eval-stdin.php HTTP/1.1" 404 88 "-" "python-requests/2.28.1" "regusciair.com"
109.233.192.83 - - [01/Oct/2022:19:39:50 -0700] "GET /wp-login.php HTTP/1.1" 404 88 "http://regusciair.com/wp-login.php" "Mozilla/5.0 (Windows NT 10.0; Win64; x64; rv:96.0) Gecko/20100101 Firefox/96" "regusciair.com"
207.46.13.209 - - [01/Oct/2022:19:40:47 -0700] "GET / HTTP/1.1" 200 26600 "-" "Mozilla/5.0 (compatible; bingbot/2.0; +http://www.bing.com/bingbot.htm)" "regusciair.com"
20.40.51.31 - - [01/Oct/2022:19:51:23 -0700] "POST / HTTP/1.1" 200 26600 "-" "Mozilla/5.0 (Linux; U; Android 4.4.2; en-US; HM NOTE 1W Build/KOT49H) AppleWebKit/534.30 (KHTML, like Gecko) Version/4.0 UCBrowser/11.0.5.850 U3/0.8.0 Mobile Safari/534.30" "regusciair.com"
20.40.51.31 - - [01/Oct/2022:19:51:28 -0700] "GET /vendor/phpunit/phpunit/src/Util/PHP/eval-stdin.php HTTP/1.1" 404 88 "-" "python-requests/2.28.1" "regusciair.com"
157.55.39.222 - - [01/Oct/2022:19:55:21 -0700] "GET /news HTTP/1.1" 200 4169 "-" "Mozilla/5.0 (compatible; bingbot/2.0; +http://www.bing.com/bingbot.htm)" "www.regusciair.com"
20.40.51.31 - - [01/Oct/2022:19:55:24 -0700] "POST / HTTP/1.1" 200 26600 "-" "Mozilla/5.0 (Linux; U; Android 4.4.2; en-US; HM NOTE 1W Build/KOT49H) AppleWebKit/534.30 (KHTML, like Gecko) Version/4.0 UCBrowser/11.0.5.850 U3/0.8.0 Mobile Safari/534.30" "regusciair.com"
20.40.51.31 - - [01/Oct/2022:19:55:29 -0700] "GET /vendor/phpunit/phpunit/src/Util/PHP/eval-stdin.php HTTP/1.1" 404 88 "-" "python-requests/2.28.1" "regusciair.com"
17.121.113.133 - - [01/Oct/2022:19:55:40 -0700] "GET /favicon.ico HTTP/1.1" 404 88 "-" "Mozilla/5.0 (Macintosh; Intel Mac OS X 10_15_5) AppleWebKit/605.1.15 (KHTML, like Gecko) Version/13.1.1 Safari/605.1.15 (Applebot/0.1; +http://www.apple.com/go/applebot)" "regusciair.com"
20.40.51.31 - - [01/Oct/2022:19:57:13 -0700] "POST / HTTP/1.1" 200 26600 "-" "Mozilla/5.0 (Linux; U; Android 4.4.2; en-US; HM NOTE 1W Build/KOT49H) AppleWebKit/534.30 (KHTML, like Gecko) Version/4.0 UCBrowser/11.0.5.850 U3/0.8.0 Mobile Safari/534.30" "regusciair.com"
20.40.51.31 - - [01/Oct/2022:19:57:17 -0700] "GET /vendor/phpunit/phpunit/src/Util/PHP/eval-stdin.php HTTP/1.1" 404 88 "-" "python-requests/2.28.1" "regusciair.com"
42.236.10.77 - - [01/Oct/2022:19:59:10 -0700] "GET / HTTP/1.1" 200 26600 "https://regusciair.com/" "Mozilla/5.0 (Windows NT 6.1; WOW64) AppleWebKit/537.36 (KHTML, like Gecko) Chrome/50.0.2661.102 Safari/537.36; 360Spider" "regusciair.com"
42.236.10.120 - - [01/Oct/2022:19:59:28 -0700] "GET / HTTP/1.1" 200 26600 "https://regusciair.com/" "Mozilla/5.0 (Windows NT 6.1; WOW64) AppleWebKit/537.36 (KHTML, like Gecko) Chrome/50.0.2661.102 Safari/537.36; 360Spider" "regusciair.com"
20.40.51.31 - - [01/Oct/2022:20:02:32 -0700] "POST / HTTP/1.1" 200 26600 "-" "Mozilla/5.0 (Linux; U; Android 4.4.2; en-US; HM NOTE 1W Build/KOT49H) AppleWebKit/534.30 (KHTML, like Gecko) Version/4.0 UCBrowser/11.0.5.850 U3/0.8.0 Mobile Safari/534.30" "regusciair.com"
20.40.51.31 - - [01/Oct/2022:20:02:36 -0700] "GET /vendor/phpunit/phpunit/src/Util/PHP/eval-stdin.php HTTP/1.1" 404 88 "-" "python-requests/2.28.1" "regusciair.com"
20.40.51.31 - - [01/Oct/2022:20:06:15 -0700] "POST / HTTP/1.1" 200 26600 "-" "Mozilla/5.0 (Linux; U; Android 4.4.2; en-US; HM NOTE 1W Build/KOT49H) AppleWebKit/534.30 (KHTML, like Gecko) Version/4.0 UCBrowser/11.0.5.850 U3/0.8.0 Mobile Safari/534.30" "regusciair.com"
20.40.51.31 - - [01/Oct/2022:20:14:14 -0700] "POST / HTTP/1.1" 200 26600 "-" "Mozilla/5.0 (Linux; U; Android 4.4.2; en-US; HM NOTE 1W Build/KOT49H) AppleWebKit/534.30 (KHTML, like Gecko) Version/4.0 UCBrowser/11.0.5.850 U3/0.8.0 Mobile Safari/534.30" "regusciair.com"
20.40.51.31 - - [01/Oct/2022:20:14:17 -0700] "GET /vendor/phpunit/phpunit/src/Util/PHP/eval-stdin.php HTTP/1.1" 404 88 "-" "python-requests/2.28.1" "regusciair.com"
20.40.51.31 - - [01/Oct/2022:20:15:54 -0700] "POST / HTTP/1.1" 200 26600 "-" "Mozilla/5.0 (Linux; U; Android 4.4.2; en-US; HM NOTE 1W Build/KOT49H) AppleWebKit/534.30 (KHTML, like Gecko) Version/4.0 UCBrowser/11.0.5.850 U3/0.8.0 Mobile Safari/534.30" "regusciair.com"
20.40.51.31 - - [01/Oct/2022:20:15:59 -0700] "GET /vendor/phpunit/phpunit/src/Util/PHP/eval-stdin.php HTTP/1.1" 404 88 "-" "python-requests/2.28.1" "regusciair.com"
20.40.51.31 - - [01/Oct/2022:20:19:21 -0700] "POST / HTTP/1.1" 200 26600 "-" "Mozilla/5.0 (Linux; U; Android 4.4.2; en-US; HM NOTE 1W Build/KOT49H) AppleWebKit/534.30 (KHTML, like Gecko) Version/4.0 UCBrowser/11.0.5.850 U3/0.8.0 Mobile Safari/534.30" "regusciair.com"
20.40.51.31 - - [01/Oct/2022:20:19:26 -0700] "GET /vendor/phpunit/phpunit/src/Util/PHP/eval-stdin.php HTTP/1.1" 404 88 "-" "python-requests/2.28.1" "regusciair.com"
20.40.51.31 - - [01/Oct/2022:20:20:44 -0700] "POST / HTTP/1.1" 200 26600 "-" "Mozilla/5.0 (Linux; U; Android 4.4.2; en-US; HM NOTE 1W Build/KOT49H) AppleWebKit/534.30 (KHTML, like Gecko) Version/4.0 UCBrowser/11.0.5.850 U3/0.8.0 Mobile Safari/534.30" "regusciair.com"
20.40.51.31 - - [01/Oct/2022:20:20:49 -0700] "GET /vendor/phpunit/phpunit/src/Util/PHP/eval-stdin.php HTTP/1.1" 404 88 "-" "python-requests/2.28.1" "regusciair.com"
20.40.51.31 - - [01/Oct/2022:20:22:52 -0700] "POST / HTTP/1.1" 200 26600 "-" "Mozilla/5.0 (Linux; U; Android 4.4.2; en-US; HM NOTE 1W Build/KOT49H) AppleWebKit/534.30 (KHTML, like Gecko) Version/4.0 UCBrowser/11.0.5.850 U3/0.8.0 Mobile Safari/534.30" "regusciair.com"
20.40.51.31 - - [01/Oct/2022:20:22:56 -0700] "GET /vendor/phpunit/phpunit/src/Util/PHP/eval-stdin.php HTTP/1.1" 404 88 "-" "python-requests/2.28.1" "regusciair.com"
20.40.51.31 - - [01/Oct/2022:20:34:56 -0700] "POST / HTTP/1.1" 200 26600 "-" "Mozilla/5.0 (Linux; U; Android 4.4.2; en-US; HM NOTE 1W Build/KOT49H) AppleWebKit/534.30 (KHTML, like Gecko) Version/4.0 UCBrowser/11.0.5.850 U3/0.8.0 Mobile Safari/534.30" "regusciair.com"
20.40.51.31 - - [01/Oct/2022:20:35:01 -0700] "GET /vendor/phpunit/phpunit/src/Util/PHP/eval-stdin.php HTTP/1.1" 404 88 "-" "python-requests/2.28.1" "regusciair.com"
20.40.51.31 - - [01/Oct/2022:20:38:00 -0700] "POST / HTTP/1.1" 200 26600 "-" "Mozilla/5.0 (Linux; U; Android 4.4.2; en-US; HM NOTE 1W Build/KOT49H) AppleWebKit/534.30 (KHTML, like Gecko) Version/4.0 UCBrowser/11.0.5.850 U3/0.8.0 Mobile Safari/534.30" "regusciair.com"
20.40.51.31 - - [01/Oct/2022:20:38:05 -0700] "GET /vendor/phpunit/phpunit/src/Util/PHP/eval-stdin.php HTTP/1.1" 404 88 "-" "python-requests/2.28.1" "regusciair.com"
162.253.131.133 - - [01/Oct/2022:20:40:18 -0700] "GET / HTTP/1.1" 200 26600 "http://regusciair.com" "Mozilla/5.0 (Linux x86_64; rv:102.0) Gecko/20100101 Firefox/102.0" "regusciair.com"
162.253.131.133 - - [01/Oct/2022:20:40:19 -0700] "GET /contacto HTTP/1.1" 200 9734 "http://regusciair.com" "Mozilla/5.0 (Linux x86_64; rv:102.0) Gecko/20100101 Firefox/102.0" "regusciair.com"
162.253.131.133 - - [01/Oct/2022:20:40:19 -0700] "GET /contact_us HTTP/1.1" 200 9649 "http://regusciair.com" "Mozilla/5.0 (Linux x86_64; rv:102.0) Gecko/20100101 Firefox/102.0" "regusciair.com"
162.253.131.133 - - [01/Oct/2022:20:40:22 -0700] "GET /contact_us?emailAddress=regusciair%40hotmail.com&.crumb=1664715709aUt5PeTi5ajqkcHvyLOC1RSQppk-&json_payload=&formDataName=Customer+contact&formDescription=Contact+Us&formGuid=itemRecordGuid.4d5b3869694ef0.72951&itemGuid.4d5b3869694e26.20626730=Chanel&itemGuid.4d5b3869694e26.20626733=Chanel&itemGuid.4d5b3869694e26.20626736=booking%40persepoliscuisine.com&itemGuid.4d5b3869694e26.20626739=06-57879818&itemGuid.4d5b39fc5e8d22.12102876=Ijsselmuiden&itemGuid.4d5b39fc5e8d22.12102880=United+States&itemGuid.4d5b3869694e26.20626742=Hi+there%21%0D%0A%0D%0AI+understand+that+you+are+looking+for+ways+to+improve+your+posture+and+contribute+to+a+healthy+lifestyle.+I+think+our+product%2C+Medico+Postura%E2%84%A2+Body+Posture+Corrector%2C+can+be+of+great+help.%0D%0A%0D%0AMedico+Postura%E2%84%A2+helps+improve+your+posture+INSTANTLY.+It+is+an+easy-to-use+device+that+you+can+wear+at+home%2C+work%2C+or+even+when+you+are+sleeping.%0D%0A%0D%0AIt+is+made+of+lightweight+and+breathable+fabric%2C+making+it+comfortable+to+wear+all+day+long.%0D%0A%0D%0AGet+it+today+while+it%27s+still+60%25+OFF:+https://medicopostura.com%0D%0A%0D%0AFREE+Shipping+-+TODAY+ONLY%21%0D%0A%0D%0ACheers%2C+%0D%0A%0D%0AChanel HTTP/1.1" 200 9649 "https://regusciair.com/contact_us" "Mozilla/5.0 (Linux x86_64; rv:102.0) Gecko/20100101 Firefox/102.0" "regusciair.com"
20.40.51.31 - - [01/Oct/2022:20:41:32 -0700] "POST / HTTP/1.1" 200 26600 "-" "Mozilla/5.0 (Linux; U; Android 4.4.2; en-US; HM NOTE 1W Build/KOT49H) AppleWebKit/534.30 (KHTML, like Gecko) Version/4.0 UCBrowser/11.0.5.850 U3/0.8.0 Mobile Safari/534.30" "regusciair.com"
207.46.13.209 - - [01/Oct/2022:20:43:24 -0700] "GET / HTTP/1.1" 200 26600 "-" "Mozilla/5.0 (compatible; bingbot/2.0; +http://www.bing.com/bingbot.htm)" "www.regusciair.com"
20.40.51.31 - - [01/Oct/2022:20:53:02 -0700] "POST / HTTP/1.1" 200 26600 "-" "Mozilla/5.0 (Linux; U; Android 4.4.2; en-US; HM NOTE 1W Build/KOT49H) AppleWebKit/534.30 (KHTML, like Gecko) Version/4.0 UCBrowser/11.0.5.850 U3/0.8.0 Mobile Safari/534.30" "regusciair.com"
20.40.51.31 - - [01/Oct/2022:20:53:06 -0700] "GET /vendor/phpunit/phpunit/src/Util/PHP/eval-stdin.php HTTP/1.1" 404 88 "-" "python-requests/2.28.1" "regusciair.com"
20.40.51.31 - - [01/Oct/2022:20:53:35 -0700] "POST / HTTP/1.1" 200 26600 "-" "Mozilla/5.0 (Linux; U; Android 4.4.2; en-US; HM NOTE 1W Build/KOT49H) AppleWebKit/534.30 (KHTML, like Gecko) Version/4.0 UCBrowser/11.0.5.850 U3/0.8.0 Mobile Safari/534.30" "regusciair.com"
20.40.51.31 - - [01/Oct/2022:20:53:40 -0700] "GET /vendor/phpunit/phpunit/src/Util/PHP/eval-stdin.php HTTP/1.1" 404 88 "-" "python-requests/2.28.1" "regusciair.com"
180.163.220.46 - - [01/Oct/2022:20:55:05 -0700] "GET / HTTP/1.1" 200 26600 "https://www.regusciair.com/" "Mozilla/5.0 (Windows NT 6.1; WOW64) AppleWebKit/537.36 (KHTML, like Gecko) Chrome/50.0.2661.102 Safari/537.36; 360Spider" "www.regusciair.com"
20.40.51.31 - - [01/Oct/2022:20:55:40 -0700] "POST / HTTP/1.1" 200 26600 "-" "Mozilla/5.0 (Linux; U; Android 4.4.2; en-US; HM NOTE 1W Build/KOT49H) AppleWebKit/534.30 (KHTML, like Gecko) Version/4.0 UCBrowser/11.0.5.850 U3/0.8.0 Mobile Safari/534.30" "regusciair.com"
20.40.51.31 - - [01/Oct/2022:20:55:47 -0700] "GET /vendor/phpunit/phpunit/src/Util/PHP/eval-stdin.php HTTP/1.1" 404 88 "-" "python-requests/2.28.1" "regusciair.com"
20.40.51.31 - - [01/Oct/2022:20:58:53 -0700] "POST / HTTP/1.1" 200 26600 "-" "Mozilla/5.0 (Linux; U; Android 4.4.2; en-US; HM NOTE 1W Build/KOT49H) AppleWebKit/534.30 (KHTML, like Gecko) Version/4.0 UCBrowser/11.0.5.850 U3/0.8.0 Mobile Safari/534.30" "regusciair.com"
117.43.5.77 - - [01/Oct/2022:21:10:34 -0700] "GET / HTTP/1.1" 200 134620 "https://regusciair.com/" "Mozilla/5.0 (Windows NT 6.1; ) AppleWebKit/537.36 (KHTML, like Gecko) Chrome/90.0.4430.85 Safari/537.36" "regusciair.com"
117.43.5.77 - - [01/Oct/2022:21:10:44 -0700] "GET /contacto HTTP/1.1" 200 37697 "https://regusciair.com/contacto" "Mozilla/5.0 (Windows NT 6.1; ) AppleWebKit/537.36 (KHTML, like Gecko) Chrome/90.0.4430.85 Safari/537.36" "regusciair.com"
113.195.17.193 - - [01/Oct/2022:21:12:31 -0700] "GET /contact_us/ HTTP/1.1" 200 37527 "https://regusciair.com/contact_us/" "Mozilla/5.0 (Windows NT 6.2; Win64; x64) AppleWebKit/537.36 (KHTML, like Gecko) Chrome/90.0.4430.72 Safari/537.36" "regusciair.com"
20.40.51.31 - - [01/Oct/2022:21:12:42 -0700] "POST / HTTP/1.1" 200 26600 "-" "Mozilla/5.0 (Linux; U; Android 4.4.2; en-US; HM NOTE 1W Build/KOT49H) AppleWebKit/534.30 (KHTML, like Gecko) Version/4.0 UCBrowser/11.0.5.850 U3/0.8.0 Mobile Safari/534.30" "regusciair.com"
20.40.51.31 - - [01/Oct/2022:21:14:05 -0700] "POST / HTTP/1.1" 200 26600 "-" "Mozilla/5.0 (Linux; U; Android 4.4.2; en-US; HM NOTE 1W Build/KOT49H) AppleWebKit/534.30 (KHTML, like Gecko) Version/4.0 UCBrowser/11.0.5.850 U3/0.8.0 Mobile Safari/534.30" "regusciair.com"
20.40.51.31 - - [01/Oct/2022:21:14:10 -0700] "GET /vendor/phpunit/phpunit/src/Util/PHP/eval-stdin.php HTTP/1.1" 404 88 "-" "python-requests/2.28.1" "regusciair.com"
20.40.51.31 - - [01/Oct/2022:21:16:42 -0700] "POST / HTTP/1.1" 200 26600 "-" "Mozilla/5.0 (Linux; U; Android 4.4.2; en-US; HM NOTE 1W Build/KOT49H) AppleWebKit/534.30 (KHTML, like Gecko) Version/4.0 UCBrowser/11.0.5.850 U3/0.8.0 Mobile Safari/534.30" "regusciair.com"
20.40.51.31 - - [01/Oct/2022:21:16:46 -0700] "GET /vendor/phpunit/phpunit/src/Util/PHP/eval-stdin.php HTTP/1.1" 404 88 "-" "python-requests/2.28.1" "regusciair.com"
20.40.51.31 - - [01/Oct/2022:21:21:13 -0700] "POST / HTTP/1.1" 200 26600 "-" "Mozilla/5.0 (Linux; U; Android 4.4.2; en-US; HM NOTE 1W Build/KOT49H) AppleWebKit/534.30 (KHTML, like Gecko) Version/4.0 UCBrowser/11.0.5.850 U3/0.8.0 Mobile Safari/534.30" "regusciair.com"
20.40.51.31 - - [01/Oct/2022:21:24:05 -0700] "POST / HTTP/1.1" 200 26600 "-" "Mozilla/5.0 (Linux; U; Android 4.4.2; en-US; HM NOTE 1W Build/KOT49H) AppleWebKit/534.30 (KHTML, like Gecko) Version/4.0 UCBrowser/11.0.5.850 U3/0.8.0 Mobile Safari/534.30" "regusciair.com"
20.40.51.31 - - [01/Oct/2022:21:24:09 -0700] "GET /vendor/phpunit/phpunit/src/Util/PHP/eval-stdin.php HTTP/1.1" 404 88 "-" "python-requests/2.28.1" "regusciair.com"
20.40.51.31 - - [01/Oct/2022:21:25:17 -0700] "POST / HTTP/1.1" 200 26600 "-" "Mozilla/5.0 (Linux; U; Android 4.4.2; en-US; HM NOTE 1W Build/KOT49H) AppleWebKit/534.30 (KHTML, like Gecko) Version/4.0 UCBrowser/11.0.5.850 U3/0.8.0 Mobile Safari/534.30" "regusciair.com"
20.40.51.31 - - [01/Oct/2022:21:25:38 -0700] "POST / HTTP/1.1" 200 26600 "-" "Mozilla/5.0 (Linux; U; Android 4.4.2; en-US; HM NOTE 1W Build/KOT49H) AppleWebKit/534.30 (KHTML, like Gecko) Version/4.0 UCBrowser/11.0.5.850 U3/0.8.0 Mobile Safari/534.30" "regusciair.com"
20.40.51.31 - - [01/Oct/2022:21:25:44 -0700] "GET /vendor/phpunit/phpunit/src/Util/PHP/eval-stdin.php HTTP/1.1" 404 88 "-" "python-requests/2.28.1" "regusciair.com"
20.40.51.31 - - [01/Oct/2022:21:34:44 -0700] "POST / HTTP/1.1" 200 26600 "-" "Mozilla/5.0 (Linux; U; Android 4.4.2; en-US; HM NOTE 1W Build/KOT49H) AppleWebKit/534.30 (KHTML, like Gecko) Version/4.0 UCBrowser/11.0.5.850 U3/0.8.0 Mobile Safari/534.30" "regusciair.com"
20.40.51.31 - - [01/Oct/2022:21:34:50 -0700] "GET /vendor/phpunit/phpunit/src/Util/PHP/eval-stdin.php HTTP/1.1" 404 88 "-" "python-requests/2.28.1" "regusciair.com"
20.40.51.31 - - [01/Oct/2022:21:43:12 -0700] "POST / HTTP/1.1" 200 26600 "-" "Mozilla/5.0 (Linux; U; Android 4.4.2; en-US; HM NOTE 1W Build/KOT49H) AppleWebKit/534.30 (KHTML, like Gecko) Version/4.0 UCBrowser/11.0.5.850 U3/0.8.0 Mobile Safari/534.30" "regusciair.com"
20.40.51.31 - - [01/Oct/2022:21:43:16 -0700] "GET /vendor/phpunit/phpunit/src/Util/PHP/eval-stdin.php HTTP/1.1" 404 88 "-" "python-requests/2.28.1" "regusciair.com"
20.40.51.31 - - [01/Oct/2022:21:47:23 -0700] "POST / HTTP/1.1" 200 26600 "-" "Mozilla/5.0 (Linux; U; Android 4.4.2; en-US; HM NOTE 1W Build/KOT49H) AppleWebKit/534.30 (KHTML, like Gecko) Version/4.0 UCBrowser/11.0.5.850 U3/0.8.0 Mobile Safari/534.30" "regusciair.com"
20.40.51.31 - - [01/Oct/2022:21:47:27 -0700] "GET /vendor/phpunit/phpunit/src/Util/PHP/eval-stdin.php HTTP/1.1" 404 88 "-" "python-requests/2.28.1" "regusciair.com"
20.40.51.31 - - [01/Oct/2022:21:50:06 -0700] "POST / HTTP/1.1" 200 26600 "-" "Mozilla/5.0 (Linux; U; Android 4.4.2; en-US; HM NOTE 1W Build/KOT49H) AppleWebKit/534.30 (KHTML, like Gecko) Version/4.0 UCBrowser/11.0.5.850 U3/0.8.0 Mobile Safari/534.30" "regusciair.com"
20.40.51.31 - - [01/Oct/2022:21:50:10 -0700] "GET /vendor/phpunit/phpunit/src/Util/PHP/eval-stdin.php HTTP/1.1" 404 88 "-" "python-requests/2.28.1" "regusciair.com"
20.40.51.31 - - [01/Oct/2022:21:50:14 -0700] "POST / HTTP/1.1" 200 26600 "-" "Mozilla/5.0 (Linux; U; Android 4.4.2; en-US; HM NOTE 1W Build/KOT49H) AppleWebKit/534.30 (KHTML, like Gecko) Version/4.0 UCBrowser/11.0.5.850 U3/0.8.0 Mobile Safari/534.30" "regusciair.com"
20.40.51.31 - - [01/Oct/2022:21:50:18 -0700] "GET /vendor/phpunit/phpunit/src/Util/PHP/eval-stdin.php HTTP/1.1" 404 88 "-" "python-requests/2.28.1" "regusciair.com"
20.40.51.31 - - [01/Oct/2022:21:54:02 -0700] "POST / HTTP/1.1" 200 26600 "-" "Mozilla/5.0 (Linux; U; Android 4.4.2; en-US; HM NOTE 1W Build/KOT49H) AppleWebKit/534.30 (KHTML, like Gecko) Version/4.0 UCBrowser/11.0.5.850 U3/0.8.0 Mobile Safari/534.30" "regusciair.com"
211.249.46.127 - - [01/Oct/2022:21:55:59 -0700] "GET /about_us HTTP/1.1" 200 5833 "-" "Mozilla/5.0 (compatible; Yeti/1.1; +https://naver.me/spd)" "www.regusciair.com"
110.93.150.110 - - [01/Oct/2022:21:56:11 -0700] "GET /favicon.ico HTTP/1.1" 404 88 "-" "Mozilla/5.0 (compatible; Yeti/1.1; +https://naver.me/spd)" "www.regusciair.com"
20.40.51.31 - - [01/Oct/2022:22:00:07 -0700] "POST / HTTP/1.1" 200 26600 "-" "Mozilla/5.0 (Linux; U; Android 4.4.2; en-US; HM NOTE 1W Build/KOT49H) AppleWebKit/534.30 (KHTML, like Gecko) Version/4.0 UCBrowser/11.0.5.850 U3/0.8.0 Mobile Safari/534.30" "regusciair.com"
20.40.51.31 - - [01/Oct/2022:22:00:11 -0700] "GET /vendor/phpunit/phpunit/src/Util/PHP/eval-stdin.php HTTP/1.1" 404 88 "-" "python-requests/2.28.1" "regusciair.com"
20.40.51.31 - - [01/Oct/2022:22:03:13 -0700] "POST / HTTP/1.1" 200 26600 "-" "Mozilla/5.0 (Linux; U; Android 4.4.2; en-US; HM NOTE 1W Build/KOT49H) AppleWebKit/534.30 (KHTML, like Gecko) Version/4.0 UCBrowser/11.0.5.850 U3/0.8.0 Mobile Safari/534.30" "regusciair.com"
20.40.51.31 - - [01/Oct/2022:22:03:16 -0700] "GET /vendor/phpunit/phpunit/src/Util/PHP/eval-stdin.php HTTP/1.1" 404 88 "-" "python-requests/2.28.1" "regusciair.com"
20.40.51.31 - - [01/Oct/2022:22:16:54 -0700] "POST / HTTP/1.1" 200 26600 "-" "Mozilla/5.0 (Linux; U; Android 4.4.2; en-US; HM NOTE 1W Build/KOT49H) AppleWebKit/534.30 (KHTML, like Gecko) Version/4.0 UCBrowser/11.0.5.850 U3/0.8.0 Mobile Safari/534.30" "regusciair.com"
20.40.51.31 - - [01/Oct/2022:22:17:00 -0700] "GET /vendor/phpunit/phpunit/src/Util/PHP/eval-stdin.php HTTP/1.1" 404 88 "-" "python-requests/2.28.1" "regusciair.com"
34.72.247.210 - - [01/Oct/2022:22:18:23 -0700] "GET / HTTP/1.1" 200 26600 "-" "Mozilla/5.0 (X11; Linux x86_64) AppleWebKit/537.36 (KHTML, like Gecko) Chrome/108.0.0.0 Safari/537.36" "regusciair.com"
34.72.247.210 - - [01/Oct/2022:22:18:29 -0700] "GET /favicon.ico HTTP/1.1" 404 88 "https://regusciair.com/" "Mozilla/5.0 (X11; Linux x86_64) AppleWebKit/537.36 (KHTML, like Gecko) Chrome/108.0.0.0 Safari/537.36" "regusciair.com"
20.40.51.31 - - [01/Oct/2022:22:20:33 -0700] "POST / HTTP/1.1" 200 26600 "-" "Mozilla/5.0 (Linux; U; Android 4.4.2; en-US; HM NOTE 1W Build/KOT49H) AppleWebKit/534.30 (KHTML, like Gecko) Version/4.0 UCBrowser/11.0.5.850 U3/0.8.0 Mobile Safari/534.30" "regusciair.com"
20.40.51.31 - - [01/Oct/2022:22:23:28 -0700] "POST / HTTP/1.1" 200 26600 "-" "Mozilla/5.0 (Linux; U; Android 4.4.2; en-US; HM NOTE 1W Build/KOT49H) AppleWebKit/534.30 (KHTML, like Gecko) Version/4.0 UCBrowser/11.0.5.850 U3/0.8.0 Mobile Safari/534.30" "regusciair.com"
20.40.51.31 - - [01/Oct/2022:22:23:33 -0700] "GET /vendor/phpunit/phpunit/src/Util/PHP/eval-stdin.php HTTP/1.1" 404 88 "-" "python-requests/2.28.1" "regusciair.com"
20.40.51.31 - - [01/Oct/2022:22:33:37 -0700] "POST / HTTP/1.1" 200 26600 "-" "Mozilla/5.0 (Linux; U; Android 4.4.2; en-US; HM NOTE 1W Build/KOT49H) AppleWebKit/534.30 (KHTML, like Gecko) Version/4.0 UCBrowser/11.0.5.850 U3/0.8.0 Mobile Safari/534.30" "regusciair.com"
20.40.51.31 - - [01/Oct/2022:22:33:40 -0700] "GET /vendor/phpunit/phpunit/src/Util/PHP/eval-stdin.php HTTP/1.1" 404 88 "-" "python-requests/2.28.1" "regusciair.com"
20.40.51.31 - - [01/Oct/2022:22:35:49 -0700] "POST / HTTP/1.1" 200 26600 "-" "Mozilla/5.0 (Linux; U; Android 4.4.2; en-US; HM NOTE 1W Build/KOT49H) AppleWebKit/534.30 (KHTML, like Gecko) Version/4.0 UCBrowser/11.0.5.850 U3/0.8.0 Mobile Safari/534.30" "regusciair.com"
20.40.51.31 - - [01/Oct/2022:22:35:53 -0700] "GET /vendor/phpunit/phpunit/src/Util/PHP/eval-stdin.php HTTP/1.1" 404 88 "-" "python-requests/2.28.1" "regusciair.com"
20.40.51.31 - - [01/Oct/2022:22:40:23 -0700] "POST / HTTP/1.1" 200 26600 "-" "Mozilla/5.0 (Linux; U; Android 4.4.2; en-US; HM NOTE 1W Build/KOT49H) AppleWebKit/534.30 (KHTML, like Gecko) Version/4.0 UCBrowser/11.0.5.850 U3/0.8.0 Mobile Safari/534.30" "regusciair.com"
207.46.13.209 - - [01/Oct/2022:22:44:05 -0700] "GET /yahoo_site_admin/assets/images/documento3.10770602_large.jpg HTTP/1.1" 200 55554 "-" "Mozilla/5.0 (compatible; bingbot/2.0; +http://www.bing.com/bingbot.htm)" "www.regusciair.com"
157.55.39.222 - - [01/Oct/2022:22:48:13 -0700] "GET /sitemap.xml HTTP/1.1" 200 293 "-" "Mozilla/5.0 AppleWebKit/537.36 (KHTML, like Gecko; compatible; bingbot/2.0; +http://www.bing.com/bingbot.htm) Chrome/103.0.5060.134 Safari/537.36" "regusciair.com"
167.58.247.11 - - [01/Oct/2022:22:53:47 -0700] "GET / HTTP/1.1" 200 26600 "https://www.google.com/" "Mozilla/5.0 (Linux; Android 10; SM-A750G) AppleWebKit/537.36 (KHTML, like Gecko) Chrome/88.0.4324.152 Mobile Safari/537.36" "www.regusciair.com"
20.40.51.31 - - [01/Oct/2022:22:59:19 -0700] "POST / HTTP/1.1" 200 26600 "-" "Mozilla/5.0 (Linux; U; Android 4.4.2; en-US; HM NOTE 1W Build/KOT49H) AppleWebKit/534.30 (KHTML, like Gecko) Version/4.0 UCBrowser/11.0.5.850 U3/0.8.0 Mobile Safari/534.30" "regusciair.com"
20.40.51.31 - - [01/Oct/2022:22:59:26 -0700] "GET /vendor/phpunit/phpunit/src/Util/PHP/eval-stdin.php HTTP/1.1" 404 88 "-" "python-requests/2.28.1" "regusciair.com"
20.40.51.31 - - [01/Oct/2022:23:02:22 -0700] "POST / HTTP/1.1" 200 26600 "-" "Mozilla/5.0 (Linux; U; Android 4.4.2; en-US; HM NOTE 1W Build/KOT49H) AppleWebKit/534.30 (KHTML, like Gecko) Version/4.0 UCBrowser/11.0.5.850 U3/0.8.0 Mobile Safari/534.30" "regusciair.com"
20.40.51.31 - - [01/Oct/2022:23:02:28 -0700] "GET /vendor/phpunit/phpunit/src/Util/PHP/eval-stdin.php HTTP/1.1" 404 88 "-" "python-requests/2.28.1" "regusciair.com"
20.40.51.31 - - [01/Oct/2022:23:02:58 -0700] "POST / HTTP/1.1" 200 26600 "-" "Mozilla/5.0 (Linux; U; Android 4.4.2; en-US; HM NOTE 1W Build/KOT49H) AppleWebKit/534.30 (KHTML, like Gecko) Version/4.0 UCBrowser/11.0.5.850 U3/0.8.0 Mobile Safari/534.30" "regusciair.com"
20.40.51.31 - - [01/Oct/2022:23:03:03 -0700] "GET /vendor/phpunit/phpunit/src/Util/PHP/eval-stdin.php HTTP/1.1" 404 88 "-" "python-requests/2.28.1" "regusciair.com"
20.40.51.31 - - [01/Oct/2022:23:10:36 -0700] "POST / HTTP/1.1" 200 26600 "-" "Mozilla/5.0 (Linux; U; Android 4.4.2; en-US; HM NOTE 1W Build/KOT49H) AppleWebKit/534.30 (KHTML, like Gecko) Version/4.0 UCBrowser/11.0.5.850 U3/0.8.0 Mobile Safari/534.30" "regusciair.com"
65.108.0.169 - - [01/Oct/2022:23:10:45 -0700] "GET /contacto/ HTTP/1.1" 200 37697 "https://regusciair.com/contacto/" "Mozilla/5.0 (Windows NT 6.1; WOW64) AppleWebKit/537.36 (KHTML, like Gecko) Chrome/90.0.4430.85 Safari/537.36" "regusciair.com"
20.40.51.31 - - [01/Oct/2022:23:16:12 -0700] "POST / HTTP/1.1" 200 26600 "-" "Mozilla/5.0 (Linux; U; Android 4.4.2; en-US; HM NOTE 1W Build/KOT49H) AppleWebKit/534.30 (KHTML, like Gecko) Version/4.0 UCBrowser/11.0.5.850 U3/0.8.0 Mobile Safari/534.30" "regusciair.com"
59.36.173.146 - - [01/Oct/2022:23:24:55 -0700] "GET / HTTP/1.1" 200 26600 "http://regusciair.com" "Mozilla/5.0 (iPhone; CPU iPhone OS 13_2_3 like Mac OS X) AppleWebKit/605.1.15 (KHTML, like Gecko) Version/13.0.3 Mobile/15E148 Safari/604.1" "regusciair.com"
157.55.39.222 - - [01/Oct/2022:23:36:23 -0700] "GET /sitemap.xml HTTP/1.1" 200 293 "-" "Mozilla/5.0 (compatible; bingbot/2.0; +http://www.bing.com/bingbot.htm)" "regusciair.com"
20.40.51.31 - - [01/Oct/2022:23:39:30 -0700] "POST / HTTP/1.1" 200 26600 "-" "Mozilla/5.0 (Linux; U; Android 4.4.2; en-US; HM NOTE 1W Build/KOT49H) AppleWebKit/534.30 (KHTML, like Gecko) Version/4.0 UCBrowser/11.0.5.850 U3/0.8.0 Mobile Safari/534.30" "regusciair.com"
20.40.51.31 - - [01/Oct/2022:23:39:37 -0700] "GET /vendor/phpunit/phpunit/src/Util/PHP/eval-stdin.php HTTP/1.1" 404 88 "-" "python-requests/2.28.1" "regusciair.com"
20.40.51.31 - - [01/Oct/2022:23:40:54 -0700] "POST / HTTP/1.1" 200 26600 "-" "Mozilla/5.0 (Linux; U; Android 4.4.2; en-US; HM NOTE 1W Build/KOT49H) AppleWebKit/534.30 (KHTML, like Gecko) Version/4.0 UCBrowser/11.0.5.850 U3/0.8.0 Mobile Safari/534.30" "regusciair.com"
20.40.51.31 - - [01/Oct/2022:23:40:58 -0700] "GET /vendor/phpunit/phpunit/src/Util/PHP/eval-stdin.php HTTP/1.1" 404 88 "-" "python-requests/2.28.1" "regusciair.com"
136.243.228.197 - - [01/Oct/2022:23:46:46 -0700] "GET /robots.txt HTTP/1.1" 200 57 "-" "Mozilla/5.0 (compatible; DataForSeoBot/1.0; +https://dataforseo.com/dataforseo-bot)" "www.regusciair.com"
20.40.51.31 - - [01/Oct/2022:23:55:04 -0700] "POST / HTTP/1.1" 200 26600 "-" "Mozilla/5.0 (Linux; U; Android 4.4.2; en-US; HM NOTE 1W Build/KOT49H) AppleWebKit/534.30 (KHTML, like Gecko) Version/4.0 UCBrowser/11.0.5.850 U3/0.8.0 Mobile Safari/534.30" "regusciair.com"
20.40.51.31 - - [01/Oct/2022:23:55:08 -0700] "GET /vendor/phpunit/phpunit/src/Util/PHP/eval-stdin.php HTTP/1.1" 404 88 "-" "python-requests/2.28.1" "regusciair.com"
20.40.51.31 - - [02/Oct/2022:00:02:18 -0700] "POST / HTTP/1.1" 200 26600 "-" "Mozilla/5.0 (Linux; U; Android 4.4.2; en-US; HM NOTE 1W Build/KOT49H) AppleWebKit/534.30 (KHTML, like Gecko) Version/4.0 UCBrowser/11.0.5.850 U3/0.8.0 Mobile Safari/534.30" "regusciair.com"
20.40.51.31 - - [02/Oct/2022:00:02:22 -0700] "GET /vendor/phpunit/phpunit/src/Util/PHP/eval-stdin.php HTTP/1.1" 404 88 "-" "python-requests/2.28.1" "regusciair.com"
193.235.141.170 - - [02/Oct/2022:00:05:44 -0700] "GET / HTTP/1.1" 200 26600 "-" "Mozilla/5.0 (Windows NT 10.0; Win64; x64) AppleWebKit/537.36 (KHTML, like Gecko) Chrome/105.0.0.0 Safari/537.36" "regusciair.com"
193.235.141.170 - - [02/Oct/2022:00:05:45 -0700] "GET /favicon.ico HTTP/1.1" 404 88 "-" "Mozilla/5.0 (Windows NT 10.0; Win64; x64) AppleWebKit/537.36 (KHTML, like Gecko) Chrome/105.0.0.0 Safari/537.36" "regusciair.com"
114.119.138.178 - - [02/Oct/2022:00:05:59 -0700] "GET /robots.txt HTTP/1.1" 200 57 "-" "Mozilla/5.0 (compatible;PetalBot;+https://webmaster.petalsearch.com/site/petalbot)" "www.regusciair.com"
40.77.167.79 - - [02/Oct/2022:00:13:29 -0700] "GET /reports HTTP/1.1" 200 10601 "-" "Mozilla/5.0 (compatible; bingbot/2.0; +http://www.bing.com/bingbot.htm)" "www.regusciair.com"
207.46.13.209 - - [02/Oct/2022:00:13:34 -0700] "GET /contacto HTTP/1.1" 200 9734 "-" "Mozilla/5.0 (compatible; bingbot/2.0; +http://www.bing.com/bingbot.htm)" "www.regusciair.com"
207.46.13.209 - - [02/Oct/2022:00:13:34 -0700] "GET /donate_-_donar HTTP/1.1" 200 4713 "-" "Mozilla/5.0 (compatible; bingbot/2.0; +http://www.bing.com/bingbot.htm)" "www.regusciair.com"
167.58.247.11 - - [02/Oct/2022:00:19:58 -0700] "GET / HTTP/1.1" 200 26600 "https://www.google.com/" "Mozilla/5.0 (Linux; Android 10; SM-A750G) AppleWebKit/537.36 (KHTML, like Gecko) Chrome/88.0.4324.152 Mobile Safari/537.36" "www.regusciair.com"
167.58.247.11 - - [02/Oct/2022:00:20:02 -0700] "GET /favicon.ico HTTP/1.1" 404 88 "https://www.regusciair.com/" "Mozilla/5.0 (Linux; Android 10; SM-A750G) AppleWebKit/537.36 (KHTML, like Gecko) Chrome/88.0.4324.152 Mobile Safari/537.36" "www.regusciair.com"
207.46.13.209 - - [02/Oct/2022:00:20:24 -0700] "GET /yahoo_site_admin/assets/images/Imagen_014.204103116_large.jpg HTTP/1.1" 200 320820 "-" "Mozilla/5.0 AppleWebKit/537.36 (KHTML, like Gecko; compatible; bingbot/2.0; +http://www.bing.com/bingbot.htm) Chrome/103.0.5060.134 Safari/537.36" "regusciair.com"
167.58.247.11 - - [02/Oct/2022:00:23:06 -0700] "GET /preguntas_frecuentes HTTP/1.1" 200 8058 "https://www.google.com/" "Mozilla/5.0 (Linux; Android 10; SM-A750G) AppleWebKit/537.36 (KHTML, like Gecko) Chrome/88.0.4324.152 Mobile Safari/537.36" "www.regusciair.com"
20.40.51.31 - - [02/Oct/2022:00:25:04 -0700] "POST / HTTP/1.1" 200 26600 "-" "Mozilla/5.0 (Linux; U; Android 4.4.2; en-US; HM NOTE 1W Build/KOT49H) AppleWebKit/534.30 (KHTML, like Gecko) Version/4.0 UCBrowser/11.0.5.850 U3/0.8.0 Mobile Safari/534.30" "regusciair.com"
20.40.51.31 - - [02/Oct/2022:00:25:08 -0700] "GET /vendor/phpunit/phpunit/src/Util/PHP/eval-stdin.php HTTP/1.1" 404 88 "-" "python-requests/2.28.1" "regusciair.com"
157.55.39.222 - - [02/Oct/2022:00:26:15 -0700] "GET /sitemap.xml HTTP/1.1" 200 293 "-" "Mozilla/5.0 (compatible; bingbot/2.0; +http://www.bing.com/bingbot.htm)" "regusciair.com"
167.58.247.11 - - [02/Oct/2022:00:27:39 -0700] "GET / HTTP/1.1" 200 26600 "https://www.google.com/" "Mozilla/5.0 (Linux; Android 10; SM-A750G) AppleWebKit/537.36 (KHTML, like Gecko) Chrome/88.0.4324.152 Mobile Safari/537.36" "www.regusciair.com"
20.40.51.31 - - [02/Oct/2022:00:28:00 -0700] "POST / HTTP/1.1" 200 26600 "-" "Mozilla/5.0 (Linux; U; Android 4.4.2; en-US; HM NOTE 1W Build/KOT49H) AppleWebKit/534.30 (KHTML, like Gecko) Version/4.0 UCBrowser/11.0.5.850 U3/0.8.0 Mobile Safari/534.30" "regusciair.com"
20.40.51.31 - - [02/Oct/2022:00:28:05 -0700] "GET /vendor/phpunit/phpunit/src/Util/PHP/eval-stdin.php HTTP/1.1" 404 88 "-" "python-requests/2.28.1" "regusciair.com"
20.40.51.31 - - [02/Oct/2022:00:35:05 -0700] "POST / HTTP/1.1" 200 26600 "-" "Mozilla/5.0 (Linux; U; Android 4.4.2; en-US; HM NOTE 1W Build/KOT49H) AppleWebKit/534.30 (KHTML, like Gecko) Version/4.0 UCBrowser/11.0.5.850 U3/0.8.0 Mobile Safari/534.30" "regusciair.com"
20.40.51.31 - - [02/Oct/2022:00:39:04 -0700] "POST / HTTP/1.1" 200 26600 "-" "Mozilla/5.0 (Linux; U; Android 4.4.2; en-US; HM NOTE 1W Build/KOT49H) AppleWebKit/534.30 (KHTML, like Gecko) Version/4.0 UCBrowser/11.0.5.850 U3/0.8.0 Mobile Safari/534.30" "regusciair.com"
20.40.51.31 - - [02/Oct/2022:00:39:10 -0700] "GET /vendor/phpunit/phpunit/src/Util/PHP/eval-stdin.php HTTP/1.1" 404 88 "-" "python-requests/2.28.1" "regusciair.com"
20.40.51.31 - - [02/Oct/2022:00:40:25 -0700] "POST / HTTP/1.1" 200 26600 "-" "Mozilla/5.0 (Linux; U; Android 4.4.2; en-US; HM NOTE 1W Build/KOT49H) AppleWebKit/534.30 (KHTML, like Gecko) Version/4.0 UCBrowser/11.0.5.850 U3/0.8.0 Mobile Safari/534.30" "regusciair.com"
20.40.51.31 - - [02/Oct/2022:00:40:31 -0700] "GET /vendor/phpunit/phpunit/src/Util/PHP/eval-stdin.php HTTP/1.1" 404 88 "-" "python-requests/2.28.1" "regusciair.com"
167.58.247.11 - - [02/Oct/2022:00:46:30 -0700] "GET / HTTP/1.1" 200 26600 "https://www.google.com/" "Mozilla/5.0 (Linux; Android 10; SM-A750G) AppleWebKit/537.36 (KHTML, like Gecko) Chrome/88.0.4324.152 Mobile Safari/537.36" "www.regusciair.com"
2.47.39.209 - - [02/Oct/2022:00:47:44 -0700] "GET / HTTP/1.1" 200 134620 "-" "-" "regusciair.com"
207.46.13.209 - - [02/Oct/2022:01:10:59 -0700] "GET /yahoo_site_admin/assets/images/DSCF5218.11074515_large.JPG HTTP/1.1" 200 80872 "-" "Mozilla/5.0 AppleWebKit/537.36 (KHTML, like Gecko; compatible; bingbot/2.0; +http://www.bing.com/bingbot.htm) Chrome/103.0.5060.134 Safari/537.36" "regusciair.com"
20.40.51.31 - - [02/Oct/2022:01:19:17 -0700] "POST / HTTP/1.1" 200 26600 "-" "Mozilla/5.0 (Linux; U; Android 4.4.2; en-US; HM NOTE 1W Build/KOT49H) AppleWebKit/534.30 (KHTML, like Gecko) Version/4.0 UCBrowser/11.0.5.850 U3/0.8.0 Mobile Safari/534.30" "regusciair.com"
20.40.51.31 - - [02/Oct/2022:01:19:22 -0700] "GET /vendor/phpunit/phpunit/src/Util/PHP/eval-stdin.php HTTP/1.1" 404 88 "-" "python-requests/2.28.1" "regusciair.com"
20.40.51.31 - - [02/Oct/2022:01:23:05 -0700] "POST / HTTP/1.1" 200 26600 "-" "Mozilla/5.0 (Linux; U; Android 4.4.2; en-US; HM NOTE 1W Build/KOT49H) AppleWebKit/534.30 (KHTML, like Gecko) Version/4.0 UCBrowser/11.0.5.850 U3/0.8.0 Mobile Safari/534.30" "regusciair.com"
20.40.51.31 - - [02/Oct/2022:01:23:09 -0700] "GET /vendor/phpunit/phpunit/src/Util/PHP/eval-stdin.php HTTP/1.1" 404 88 "-" "python-requests/2.28.1" "regusciair.com"
20.40.51.31 - - [02/Oct/2022:01:28:00 -0700] "POST / HTTP/1.1" 200 26600 "-" "Mozilla/5.0 (Linux; U; Android 4.4.2; en-US; HM NOTE 1W Build/KOT49H) AppleWebKit/534.30 (KHTML, like Gecko) Version/4.0 UCBrowser/11.0.5.850 U3/0.8.0 Mobile Safari/534.30" "regusciair.com"
20.40.51.31 - - [02/Oct/2022:01:28:06 -0700] "GET /vendor/phpunit/phpunit/src/Util/PHP/eval-stdin.php HTTP/1.1" 404 88 "-" "python-requests/2.28.1" "regusciair.com"
185.220.101.55 - - [02/Oct/2022:01:33:03 -0700] "GET /?feed=rss2 HTTP/1.1" 200 134620 "" "Mozilla/5.0 (Windows; U; Windows NT 5.1; en-US; rv:1.8.1.3) Gecko/20070309 Firefox/2.0.0.3" "regusciair.com"
20.40.51.31 - - [02/Oct/2022:01:43:30 -0700] "POST / HTTP/1.1" 200 26600 "-" "Mozilla/5.0 (Linux; U; Android 4.4.2; en-US; HM NOTE 1W Build/KOT49H) AppleWebKit/534.30 (KHTML, like Gecko) Version/4.0 UCBrowser/11.0.5.850 U3/0.8.0 Mobile Safari/534.30" "regusciair.com"
20.40.51.31 - - [02/Oct/2022:01:43:34 -0700] "GET /vendor/phpunit/phpunit/src/Util/PHP/eval-stdin.php HTTP/1.1" 404 88 "-" "python-requests/2.28.1" "regusciair.com"
20.40.51.31 - - [02/Oct/2022:01:44:11 -0700] "POST / HTTP/1.1" 200 26600 "-" "Mozilla/5.0 (Linux; U; Android 4.4.2; en-US; HM NOTE 1W Build/KOT49H) AppleWebKit/534.30 (KHTML, like Gecko) Version/4.0 UCBrowser/11.0.5.850 U3/0.8.0 Mobile Safari/534.30" "regusciair.com"
20.40.51.31 - - [02/Oct/2022:01:44:17 -0700] "GET /vendor/phpunit/phpunit/src/Util/PHP/eval-stdin.php HTTP/1.1" 404 88 "-" "python-requests/2.28.1" "regusciair.com"
20.40.51.31 - - [02/Oct/2022:01:51:09 -0700] "POST / HTTP/1.1" 200 26600 "-" "Mozilla/5.0 (Linux; U; Android 4.4.2; en-US; HM NOTE 1W Build/KOT49H) AppleWebKit/534.30 (KHTML, like Gecko) Version/4.0 UCBrowser/11.0.5.850 U3/0.8.0 Mobile Safari/534.30" "regusciair.com"
20.40.51.31 - - [02/Oct/2022:01:51:15 -0700] "GET /vendor/phpunit/phpunit/src/Util/PHP/eval-stdin.php HTTP/1.1" 404 88 "-" "python-requests/2.28.1" "regusciair.com"
20.40.51.31 - - [02/Oct/2022:01:52:50 -0700] "POST / HTTP/1.1" 200 26600 "-" "Mozilla/5.0 (Linux; U; Android 4.4.2; en-US; HM NOTE 1W Build/KOT49H) AppleWebKit/534.30 (KHTML, like Gecko) Version/4.0 UCBrowser/11.0.5.850 U3/0.8.0 Mobile Safari/534.30" "regusciair.com"
20.40.51.31 - - [02/Oct/2022:01:53:32 -0700] "POST / HTTP/1.1" 200 26600 "-" "Mozilla/5.0 (Linux; U; Android 4.4.2; en-US; HM NOTE 1W Build/KOT49H) AppleWebKit/534.30 (KHTML, like Gecko) Version/4.0 UCBrowser/11.0.5.850 U3/0.8.0 Mobile Safari/534.30" "regusciair.com"
20.40.51.31 - - [02/Oct/2022:01:53:36 -0700] "GET /vendor/phpunit/phpunit/src/Util/PHP/eval-stdin.php HTTP/1.1" 404 88 "-" "python-requests/2.28.1" "regusciair.com"
42.236.10.76 - - [02/Oct/2022:01:55:01 -0700] "GET / HTTP/1.1" 200 26600 "https://regusciair.com/" "Mozilla/5.0 (iPhone; CPU iPhone OS 11_0 like Mac OS X) AppleWebKit/604.1.34 (KHTML, like Gecko) Version/11.0 Mobile/15A5341f Safari/604.1;360Spider" "regusciair.com"
193.187.91.216 - - [02/Oct/2022:02:00:23 -0700] "HEAD / HTTP/1.1" 200 - "-" "-" "regusciair.com"
193.187.91.216 - - [02/Oct/2022:02:00:23 -0700] "GET / HTTP/1.1" 200 134620 "-" "-" "regusciair.com"
20.40.51.31 - - [02/Oct/2022:02:04:38 -0700] "POST / HTTP/1.1" 200 26600 "-" "Mozilla/5.0 (Linux; U; Android 4.4.2; en-US; HM NOTE 1W Build/KOT49H) AppleWebKit/534.30 (KHTML, like Gecko) Version/4.0 UCBrowser/11.0.5.850 U3/0.8.0 Mobile Safari/534.30" "regusciair.com"
20.40.51.31 - - [02/Oct/2022:02:10:04 -0700] "POST / HTTP/1.1" 200 26600 "-" "Mozilla/5.0 (Linux; U; Android 4.4.2; en-US; HM NOTE 1W Build/KOT49H) AppleWebKit/534.30 (KHTML, like Gecko) Version/4.0 UCBrowser/11.0.5.850 U3/0.8.0 Mobile Safari/534.30" "regusciair.com"
20.40.51.31 - - [02/Oct/2022:02:10:04 -0700] "POST / HTTP/1.1" 200 26600 "-" "Mozilla/5.0 (Linux; U; Android 4.4.2; en-US; HM NOTE 1W Build/KOT49H) AppleWebKit/534.30 (KHTML, like Gecko) Version/4.0 UCBrowser/11.0.5.850 U3/0.8.0 Mobile Safari/534.30" "regusciair.com"
20.40.51.31 - - [02/Oct/2022:02:10:09 -0700] "GET /vendor/phpunit/phpunit/src/Util/PHP/eval-stdin.php HTTP/1.1" 404 88 "-" "python-requests/2.28.1" "regusciair.com"
20.40.51.31 - - [02/Oct/2022:02:10:10 -0700] "GET /vendor/phpunit/phpunit/src/Util/PHP/eval-stdin.php HTTP/1.1" 404 88 "-" "python-requests/2.28.1" "regusciair.com"
20.40.51.31 - - [02/Oct/2022:02:18:56 -0700] "POST / HTTP/1.1" 200 26600 "-" "Mozilla/5.0 (Linux; U; Android 4.4.2; en-US; HM NOTE 1W Build/KOT49H) AppleWebKit/534.30 (KHTML, like Gecko) Version/4.0 UCBrowser/11.0.5.850 U3/0.8.0 Mobile Safari/534.30" "regusciair.com"
20.40.51.31 - - [02/Oct/2022:02:18:59 -0700] "GET /vendor/phpunit/phpunit/src/Util/PHP/eval-stdin.php HTTP/1.1" 404 88 "-" "python-requests/2.28.1" "regusciair.com"
20.40.51.31 - - [02/Oct/2022:02:19:55 -0700] "POST / HTTP/1.1" 200 26600 "-" "Mozilla/5.0 (Linux; U; Android 4.4.2; en-US; HM NOTE 1W Build/KOT49H) AppleWebKit/534.30 (KHTML, like Gecko) Version/4.0 UCBrowser/11.0.5.850 U3/0.8.0 Mobile Safari/534.30" "regusciair.com"
20.40.51.31 - - [02/Oct/2022:02:20:01 -0700] "GET /vendor/phpunit/phpunit/src/Util/PHP/eval-stdin.php HTTP/1.1" 404 88 "-" "python-requests/2.28.1" "regusciair.com"
66.249.68.54 - - [02/Oct/2022:02:22:59 -0700] "GET /favicon.ico HTTP/1.1" 404 88 "-" "Googlebot-Image/1.0" "www.regusciair.com"
20.40.51.31 - - [02/Oct/2022:02:25:28 -0700] "POST / HTTP/1.1" 200 26600 "-" "Mozilla/5.0 (Linux; U; Android 4.4.2; en-US; HM NOTE 1W Build/KOT49H) AppleWebKit/534.30 (KHTML, like Gecko) Version/4.0 UCBrowser/11.0.5.850 U3/0.8.0 Mobile Safari/534.30" "regusciair.com"
20.40.51.31 - - [02/Oct/2022:02:25:34 -0700] "GET /vendor/phpunit/phpunit/src/Util/PHP/eval-stdin.php HTTP/1.1" 404 88 "-" "python-requests/2.28.1" "regusciair.com"
20.40.51.31 - - [02/Oct/2022:02:26:55 -0700] "POST / HTTP/1.1" 200 26600 "-" "Mozilla/5.0 (Linux; U; Android 4.4.2; en-US; HM NOTE 1W Build/KOT49H) AppleWebKit/534.30 (KHTML, like Gecko) Version/4.0 UCBrowser/11.0.5.850 U3/0.8.0 Mobile Safari/534.30" "regusciair.com"
20.40.51.31 - - [02/Oct/2022:02:26:59 -0700] "GET /vendor/phpunit/phpunit/src/Util/PHP/eval-stdin.php HTTP/1.1" 404 88 "-" "python-requests/2.28.1" "regusciair.com"
20.40.51.31 - - [02/Oct/2022:02:27:05 -0700] "POST / HTTP/1.1" 200 26600 "-" "Mozilla/5.0 (Linux; U; Android 4.4.2; en-US; HM NOTE 1W Build/KOT49H) AppleWebKit/534.30 (KHTML, like Gecko) Version/4.0 UCBrowser/11.0.5.850 U3/0.8.0 Mobile Safari/534.30" "regusciair.com"
207.46.13.209 - - [02/Oct/2022:02:36:16 -0700] "GET /inversores HTTP/1.1" 200 3542 "-" "Mozilla/5.0 (compatible; bingbot/2.0; +http://www.bing.com/bingbot.htm)" "regusciair.com"
20.40.51.31 - - [02/Oct/2022:02:39:07 -0700] "POST / HTTP/1.1" 200 26600 "-" "Mozilla/5.0 (Linux; U; Android 4.4.2; en-US; HM NOTE 1W Build/KOT49H) AppleWebKit/534.30 (KHTML, like Gecko) Version/4.0 UCBrowser/11.0.5.850 U3/0.8.0 Mobile Safari/534.30" "regusciair.com"
