20.40.51.31 - - [01/Oct/2022:10:44:30 -0700] "POST / HTTP/1.1" 200 26600 "-" "Mozilla/5.0 (Linux; U; Android 4.4.2; en-US; HM NOTE 1W Build/KOT49H) AppleWebKit/534.30 (KHTML, like Gecko) Version/4.0 UCBrowser/11.0.5.850 U3/0.8.0 Mobile Safari/534.30" "regusciair.com"
20.40.51.31 - - [01/Oct/2022:10:44:36 -0700] "GET /vendor/phpunit/phpunit/src/Util/PHP/eval-stdin.php HTTP/1.1" 404 88 "-" "python-requests/2.28.1" "regusciair.com"
20.40.51.31 - - [01/Oct/2022:10:51:33 -0700] "POST / HTTP/1.1" 200 26600 "-" "Mozilla/5.0 (Linux; U; Android 4.4.2; en-US; HM NOTE 1W Build/KOT49H) AppleWebKit/534.30 (KHTML, like Gecko) Version/4.0 UCBrowser/11.0.5.850 U3/0.8.0 Mobile Safari/534.30" "regusciair.com"
20.40.51.31 - - [01/Oct/2022:10:51:37 -0700] "GET /vendor/phpunit/phpunit/src/Util/PHP/eval-stdin.php HTTP/1.1" 404 88 "-" "python-requests/2.28.1" "regusciair.com"
185.212.61.82 - - [01/Oct/2022:11:02:22 -0700] "POST /contacto/ HTTP/1.1" 200 37697 "https://regusciair.com/contacto/" "Mozilla/5.0 (Windows NT 6.1; WOW64) AppleWebKit/537.36 (KHTML, like Gecko) Chrome/90.0.4430.93 Safari/537.36" "regusciair.com"
157.55.39.222 - - [01/Oct/2022:11:07:24 -0700] "GET /sitemap.xml HTTP/1.1" 200 293 "-" "Mozilla/5.0 AppleWebKit/537.36 (KHTML, like Gecko; compatible; bingbot/2.0; +http://www.bing.com/bingbot.htm) Chrome/103.0.5060.134 Safari/537.36" "regusciair.com"
194.15.113.22 - - [01/Oct/2022:11:12:01 -0700] "GET /contact_us/ HTTP/1.1" 200 37527 "https://regusciair.com/contact_us/" "Mozilla/5.0 (Windows NT 10.0; Win64; x64) AppleWebKit/537.36 (KHTML, like Gecko) Chrome/90.0.4430.85 Safari/537.36 Edg/90.0.818.46" "regusciair.com"
194.15.113.22 - - [01/Oct/2022:11:12:12 -0700] "POST /contact_us/ HTTP/1.1" 200 37527 "https://regusciair.com/contact_us/" "Mozilla/5.0 (Windows NT 10.0; Win64; x64) AppleWebKit/537.36 (KHTML, like Gecko) Chrome/90.0.4430.85 Safari/537.36 Edg/90.0.818.46" "regusciair.com"
194.15.113.22 - - [01/Oct/2022:11:12:14 -0700] "GET /contact_us/ HTTP/1.1" 200 37527 "https://regusciair.com/contact_us/" "Mozilla/5.0 (Windows NT 10.0; Win64; x64) AppleWebKit/537.36 (KHTML, like Gecko) Chrome/90.0.4430.85 Safari/537.36 Edg/90.0.818.46" "regusciair.com"
20.40.51.31 - - [01/Oct/2022:11:12:55 -0700] "POST / HTTP/1.1" 200 26600 "-" "Mozilla/5.0 (Linux; U; Android 4.4.2; en-US; HM NOTE 1W Build/KOT49H) AppleWebKit/534.30 (KHTML, like Gecko) Version/4.0 UCBrowser/11.0.5.850 U3/0.8.0 Mobile Safari/534.30" "regusciair.com"
20.40.51.31 - - [01/Oct/2022:11:13:01 -0700] "GET /vendor/phpunit/phpunit/src/Util/PHP/eval-stdin.php HTTP/1.1" 404 88 "-" "python-requests/2.28.1" "regusciair.com"
54.201.78.11 - - [01/Oct/2022:11:14:31 -0700] "GET / HTTP/1.1" 200 26600 "-" "Mozilla/5.0 (X11; Linux x86_64) AppleWebKit/537.36 (KHTML, like Gecko) Chrome/83.0.4103.97 Safari/537.36" "regusciair.com"
34.217.104.139 - - [01/Oct/2022:11:14:43 -0700] "GET / HTTP/1.1" 200 26600 "-" "Mozilla/5.0 (X11; Linux x86_64) AppleWebKit/537.36 (KHTML, like Gecko) Chrome/83.0.4103.97 Safari/537.36" "regusciair.com"
35.88.231.27 - - [01/Oct/2022:11:14:45 -0700] "GET / HTTP/1.1" 200 26600 "-" "Mozilla/5.0 (X11; Linux x86_64) AppleWebKit/537.36 (KHTML, like Gecko) Chrome/83.0.4103.97 Safari/537.36" "regusciair.com"
45.79.11.187 - - [01/Oct/2022:11:14:48 -0700] "GET /contact_us/ HTTP/1.1" 200 37527 "https://regusciair.com/contact_us/" "Mozilla/5.0 (Windows NT 10.0) AppleWebKit/537.36 (KHTML, like Gecko) Chrome/90.0.4430.85 Safari/537.36 Edg/90.0.818.46" "regusciair.com"
45.79.11.187 - - [01/Oct/2022:11:14:54 -0700] "POST /contact_us/ HTTP/1.1" 200 37527 "https://regusciair.com/contact_us/" "Mozilla/5.0 (Windows NT 10.0) AppleWebKit/537.36 (KHTML, like Gecko) Chrome/90.0.4430.85 Safari/537.36 Edg/90.0.818.46" "regusciair.com"
35.160.141.171 - - [01/Oct/2022:11:14:59 -0700] "GET /favicon.ico HTTP/1.1" 404 88 "-" "Mozilla/5.0 (X11; Linux x86_64) AppleWebKit/537.36 (KHTML, like Gecko) Chrome/83.0.4103.97 Safari/537.36" "regusciair.com"
35.160.141.171 - - [01/Oct/2022:11:15:01 -0700] "GET / HTTP/1.1" 200 26600 "-" "Mozilla/5.0 (X11; Linux x86_64) AppleWebKit/537.36 (KHTML, like Gecko) Chrome/83.0.4103.97 Safari/537.36" "regusciair.com"
35.90.145.96 - - [01/Oct/2022:11:15:05 -0700] "GET /favicon.ico HTTP/1.1" 404 88 "-" "Mozilla/5.0 (X11; Linux x86_64) AppleWebKit/537.36 (KHTML, like Gecko) Chrome/83.0.4103.97 Safari/537.36" "regusciair.com"
54.200.33.77 - - [01/Oct/2022:11:15:11 -0700] "GET /favicon.ico HTTP/1.1" 404 88 "http://regusciair.com/favicon.ico" "Mozilla/5.0 (X11; Linux x86_64) AppleWebKit/537.36 (KHTML, like Gecko) Chrome/83.0.4103.97 Safari/537.36" "regusciair.com"
35.90.145.96 - - [01/Oct/2022:11:15:11 -0700] "GET / HTTP/1.1" 200 26600 "-" "Mozilla/5.0 (X11; Linux x86_64) AppleWebKit/537.36 (KHTML, like Gecko) Chrome/83.0.4103.97 Safari/537.36" "regusciair.com"
54.200.33.77 - - [01/Oct/2022:11:15:13 -0700] "GET / HTTP/1.1" 200 26600 "http://regusciair.com" "Mozilla/5.0 (X11; Linux x86_64) AppleWebKit/537.36 (KHTML, like Gecko) Chrome/83.0.4103.97 Safari/537.36" "regusciair.com"
35.90.37.188 - - [01/Oct/2022:11:15:17 -0700] "GET / HTTP/1.1" 200 26600 "-" "Mozilla/5.0 (X11; Linux x86_64) AppleWebKit/537.36 (KHTML, like Gecko) Chrome/83.0.4103.97 Safari/537.36" "regusciair.com"
35.90.56.149 - - [01/Oct/2022:11:17:34 -0700] "GET /favicon.ico HTTP/1.1" 404 88 "http://regusciair.com/favicon.ico" "Mozilla/5.0 (X11; Linux x86_64) AppleWebKit/537.36 (KHTML, like Gecko) Chrome/83.0.4103.97 Safari/537.36" "regusciair.com"
35.90.56.149 - - [01/Oct/2022:11:17:34 -0700] "GET / HTTP/1.1" 200 26600 "http://regusciair.com" "Mozilla/5.0 (X11; Linux x86_64) AppleWebKit/537.36 (KHTML, like Gecko) Chrome/83.0.4103.97 Safari/537.36" "regusciair.com"
20.40.51.31 - - [01/Oct/2022:11:34:37 -0700] "POST / HTTP/1.1" 200 26600 "-" "Mozilla/5.0 (Linux; U; Android 4.4.2; en-US; HM NOTE 1W Build/KOT49H) AppleWebKit/534.30 (KHTML, like Gecko) Version/4.0 UCBrowser/11.0.5.850 U3/0.8.0 Mobile Safari/534.30" "regusciair.com"
20.40.51.31 - - [01/Oct/2022:11:34:41 -0700] "GET /vendor/phpunit/phpunit/src/Util/PHP/eval-stdin.php HTTP/1.1" 404 88 "-" "python-requests/2.28.1" "regusciair.com"
114.119.151.64 - - [01/Oct/2022:11:41:45 -0700] "GET /robots.txt HTTP/1.1" 200 57 "-" "Mozilla/5.0 (compatible;PetalBot;+https://webmaster.petalsearch.com/site/petalbot)" "www.regusciair.com"
20.40.51.31 - - [01/Oct/2022:11:44:03 -0700] "POST / HTTP/1.1" 200 26600 "-" "Mozilla/5.0 (Linux; U; Android 4.4.2; en-US; HM NOTE 1W Build/KOT49H) AppleWebKit/534.30 (KHTML, like Gecko) Version/4.0 UCBrowser/11.0.5.850 U3/0.8.0 Mobile Safari/534.30" "regusciair.com"
20.40.51.31 - - [01/Oct/2022:11:48:49 -0700] "POST / HTTP/1.1" 200 26600 "-" "Mozilla/5.0 (Linux; U; Android 4.4.2; en-US; HM NOTE 1W Build/KOT49H) AppleWebKit/534.30 (KHTML, like Gecko) Version/4.0 UCBrowser/11.0.5.850 U3/0.8.0 Mobile Safari/534.30" "regusciair.com"
20.40.51.31 - - [01/Oct/2022:11:48:55 -0700] "GET /vendor/phpunit/phpunit/src/Util/PHP/eval-stdin.php HTTP/1.1" 404 88 "-" "python-requests/2.28.1" "regusciair.com"
20.40.51.31 - - [01/Oct/2022:12:02:23 -0700] "POST / HTTP/1.1" 200 26600 "-" "Mozilla/5.0 (Linux; U; Android 4.4.2; en-US; HM NOTE 1W Build/KOT49H) AppleWebKit/534.30 (KHTML, like Gecko) Version/4.0 UCBrowser/11.0.5.850 U3/0.8.0 Mobile Safari/534.30" "regusciair.com"
40.114.148.8 - - [01/Oct/2022:12:27:35 -0700] "GET /wp-admin/includes/ HTTP/1.1" 404 88 "-" "Mozilla/5.0 (Windows NT 6.2; WOW64) AppleWebKit/537.14 (KHTML, like Gecko) Chrome/24.0.1292.0 Safari/537.14" "regusciair.com"
111.73.82.17 - - [01/Oct/2022:12:38:03 -0700] "GET / HTTP/1.1" 200 134620 "https://regusciair.com/" "Mozilla/5.0 (Windows NT 6.1; ) AppleWebKit/537.36 (KHTML, like Gecko) Chrome/90.0.4430.72 Safari/537.36" "regusciair.com"
111.73.82.17 - - [01/Oct/2022:12:38:08 -0700] "GET /contacto HTTP/1.1" 200 37697 "https://regusciair.com/contacto" "Mozilla/5.0 (Windows NT 6.1; ) AppleWebKit/537.36 (KHTML, like Gecko) Chrome/90.0.4430.72 Safari/537.36" "regusciair.com"
111.73.82.17 - - [01/Oct/2022:12:38:11 -0700] "POST /contacto HTTP/1.1" 200 37697 "https://regusciair.com/contacto" "Mozilla/5.0 (Windows NT 6.1; ) AppleWebKit/537.36 (KHTML, like Gecko) Chrome/90.0.4430.72 Safari/537.36" "regusciair.com"
20.40.51.31 - - [01/Oct/2022:12:52:03 -0700] "POST / HTTP/1.1" 200 26600 "-" "Mozilla/5.0 (Linux; U; Android 4.4.2; en-US; HM NOTE 1W Build/KOT49H) AppleWebKit/534.30 (KHTML, like Gecko) Version/4.0 UCBrowser/11.0.5.850 U3/0.8.0 Mobile Safari/534.30" "regusciair.com"
20.40.51.31 - - [01/Oct/2022:12:52:10 -0700] "GET /vendor/phpunit/phpunit/src/Util/PHP/eval-stdin.php HTTP/1.1" 404 88 "-" "python-requests/2.28.1" "regusciair.com"
44.192.26.60 - - [01/Oct/2022:12:55:55 -0700] "GET /robots.txt HTTP/1.1" 200 57 "-" "CCBot/2.0 (https://commoncrawl.org/faq/)" "www.regusciair.com"
44.192.26.60 - - [01/Oct/2022:12:55:55 -0700] "GET /home HTTP/1.1" 200 26600 "-" "CCBot/2.0 (https://commoncrawl.org/faq/)" "www.regusciair.com"
20.40.51.31 - - [01/Oct/2022:12:56:28 -0700] "POST / HTTP/1.1" 200 26600 "-" "Mozilla/5.0 (Linux; U; Android 4.4.2; en-US; HM NOTE 1W Build/KOT49H) AppleWebKit/534.30 (KHTML, like Gecko) Version/4.0 UCBrowser/11.0.5.850 U3/0.8.0 Mobile Safari/534.30" "regusciair.com"
20.40.51.31 - - [01/Oct/2022:12:56:32 -0700] "GET /vendor/phpunit/phpunit/src/Util/PHP/eval-stdin.php HTTP/1.1" 404 88 "-" "python-requests/2.28.1" "regusciair.com"
20.40.51.31 - - [01/Oct/2022:12:57:29 -0700] "POST / HTTP/1.1" 200 26600 "-" "Mozilla/5.0 (Linux; U; Android 4.4.2; en-US; HM NOTE 1W Build/KOT49H) AppleWebKit/534.30 (KHTML, like Gecko) Version/4.0 UCBrowser/11.0.5.850 U3/0.8.0 Mobile Safari/534.30" "regusciair.com"
44.192.26.60 - - [01/Oct/2022:12:57:34 -0700] "GET /contacto HTTP/1.1" 200 9734 "-" "CCBot/2.0 (https://commoncrawl.org/faq/)" "www.regusciair.com"
20.40.51.31 - - [01/Oct/2022:12:57:35 -0700] "GET /vendor/phpunit/phpunit/src/Util/PHP/eval-stdin.php HTTP/1.1" 404 88 "-" "python-requests/2.28.1" "regusciair.com"
44.192.26.60 - - [01/Oct/2022:12:59:05 -0700] "GET /informes HTTP/1.1" 200 16821 "-" "CCBot/2.0 (https://commoncrawl.org/faq/)" "www.regusciair.com"
44.192.26.60 - - [01/Oct/2022:13:00:22 -0700] "GET /investors HTTP/1.1" 200 3542 "-" "CCBot/2.0 (https://commoncrawl.org/faq/)" "www.regusciair.com"
44.192.26.60 - - [01/Oct/2022:13:03:45 -0700] "GET /about_us HTTP/1.1" 200 5833 "-" "CCBot/2.0 (https://commoncrawl.org/faq/)" "www.regusciair.com"
20.40.51.31 - - [01/Oct/2022:13:04:57 -0700] "POST / HTTP/1.1" 200 26600 "-" "Mozilla/5.0 (Linux; U; Android 4.4.2; en-US; HM NOTE 1W Build/KOT49H) AppleWebKit/534.30 (KHTML, like Gecko) Version/4.0 UCBrowser/11.0.5.850 U3/0.8.0 Mobile Safari/534.30" "regusciair.com"
20.40.51.31 - - [01/Oct/2022:13:05:01 -0700] "GET /vendor/phpunit/phpunit/src/Util/PHP/eval-stdin.php HTTP/1.1" 404 88 "-" "python-requests/2.28.1" "regusciair.com"
44.192.26.60 - - [01/Oct/2022:13:08:19 -0700] "GET / HTTP/1.1" 200 26600 "-" "CCBot/2.0 (https://commoncrawl.org/faq/)" "www.regusciair.com"
20.40.51.31 - - [01/Oct/2022:13:13:57 -0700] "POST / HTTP/1.1" 200 26600 "-" "Mozilla/5.0 (Linux; U; Android 4.4.2; en-US; HM NOTE 1W Build/KOT49H) AppleWebKit/534.30 (KHTML, like Gecko) Version/4.0 UCBrowser/11.0.5.850 U3/0.8.0 Mobile Safari/534.30" "regusciair.com"
20.40.51.31 - - [01/Oct/2022:13:14:02 -0700] "GET /vendor/phpunit/phpunit/src/Util/PHP/eval-stdin.php HTTP/1.1" 404 88 "-" "python-requests/2.28.1" "regusciair.com"
20.40.51.31 - - [01/Oct/2022:13:14:56 -0700] "POST / HTTP/1.1" 200 26600 "-" "Mozilla/5.0 (Linux; U; Android 4.4.2; en-US; HM NOTE 1W Build/KOT49H) AppleWebKit/534.30 (KHTML, like Gecko) Version/4.0 UCBrowser/11.0.5.850 U3/0.8.0 Mobile Safari/534.30" "regusciair.com"
44.192.26.60 - - [01/Oct/2022:13:15:55 -0700] "GET /faq HTTP/1.1" 200 6586 "-" "CCBot/2.0 (https://commoncrawl.org/faq/)" "www.regusciair.com"
157.55.39.222 - - [01/Oct/2022:13:19:44 -0700] "GET /sitemap.xml HTTP/1.1" 200 293 "-" "Mozilla/5.0 (compatible; bingbot/2.0; +http://www.bing.com/bingbot.htm)" "regusciair.com"
44.192.26.60 - - [01/Oct/2022:13:20:27 -0700] "GET /news HTTP/1.1" 200 4169 "-" "CCBot/2.0 (https://commoncrawl.org/faq/)" "www.regusciair.com"
20.40.51.31 - - [01/Oct/2022:13:27:43 -0700] "POST / HTTP/1.1" 200 26600 "-" "Mozilla/5.0 (Linux; U; Android 4.4.2; en-US; HM NOTE 1W Build/KOT49H) AppleWebKit/534.30 (KHTML, like Gecko) Version/4.0 UCBrowser/11.0.5.850 U3/0.8.0 Mobile Safari/534.30" "regusciair.com"
20.40.51.31 - - [01/Oct/2022:13:27:48 -0700] "GET /vendor/phpunit/phpunit/src/Util/PHP/eval-stdin.php HTTP/1.1" 404 88 "-" "python-requests/2.28.1" "regusciair.com"
20.40.51.31 - - [01/Oct/2022:13:30:48 -0700] "POST / HTTP/1.1" 200 26600 "-" "Mozilla/5.0 (Linux; U; Android 4.4.2; en-US; HM NOTE 1W Build/KOT49H) AppleWebKit/534.30 (KHTML, like Gecko) Version/4.0 UCBrowser/11.0.5.850 U3/0.8.0 Mobile Safari/534.30" "regusciair.com"
20.40.51.31 - - [01/Oct/2022:13:30:53 -0700] "GET /vendor/phpunit/phpunit/src/Util/PHP/eval-stdin.php HTTP/1.1" 404 88 "-" "python-requests/2.28.1" "regusciair.com"
20.40.51.31 - - [01/Oct/2022:13:35:54 -0700] "POST / HTTP/1.1" 200 26600 "-" "Mozilla/5.0 (Linux; U; Android 4.4.2; en-US; HM NOTE 1W Build/KOT49H) AppleWebKit/534.30 (KHTML, like Gecko) Version/4.0 UCBrowser/11.0.5.850 U3/0.8.0 Mobile Safari/534.30" "regusciair.com"
20.40.51.31 - - [01/Oct/2022:13:36:00 -0700] "GET /vendor/phpunit/phpunit/src/Util/PHP/eval-stdin.php HTTP/1.1" 404 88 "-" "python-requests/2.28.1" "regusciair.com"
20.40.51.31 - - [01/Oct/2022:13:42:22 -0700] "POST / HTTP/1.1" 200 26600 "-" "Mozilla/5.0 (Linux; U; Android 4.4.2; en-US; HM NOTE 1W Build/KOT49H) AppleWebKit/534.30 (KHTML, like Gecko) Version/4.0 UCBrowser/11.0.5.850 U3/0.8.0 Mobile Safari/534.30" "regusciair.com"
40.77.167.79 - - [01/Oct/2022:13:55:50 -0700] "GET /reports HTTP/1.1" 200 10601 "-" "Mozilla/5.0 (compatible; bingbot/2.0; +http://www.bing.com/bingbot.htm)" "www.regusciair.com"
207.46.13.209 - - [01/Oct/2022:13:55:55 -0700] "GET /contacto HTTP/1.1" 200 9734 "-" "Mozilla/5.0 (compatible; bingbot/2.0; +http://www.bing.com/bingbot.htm)" "www.regusciair.com"
207.46.13.209 - - [01/Oct/2022:13:55:55 -0700] "GET /donate_-_donar HTTP/1.1" 200 4713 "-" "Mozilla/5.0 AppleWebKit/537.36 (KHTML, like Gecko; compatible; bingbot/2.0; +http://www.bing.com/bingbot.htm) Chrome/103.0.5060.134 Safari/537.36" "www.regusciair.com"
20.40.51.31 - - [01/Oct/2022:13:58:15 -0700] "POST / HTTP/1.1" 200 26600 "-" "Mozilla/5.0 (Linux; U; Android 4.4.2; en-US; HM NOTE 1W Build/KOT49H) AppleWebKit/534.30 (KHTML, like Gecko) Version/4.0 UCBrowser/11.0.5.850 U3/0.8.0 Mobile Safari/534.30" "regusciair.com"
44.192.26.60 - - [01/Oct/2022:14:00:06 -0700] "GET /contact_us HTTP/1.1" 200 9649 "-" "CCBot/2.0 (https://commoncrawl.org/faq/)" "www.regusciair.com"
44.192.26.60 - - [01/Oct/2022:14:00:41 -0700] "GET /videos HTTP/1.1" 200 4981 "-" "CCBot/2.0 (https://commoncrawl.org/faq/)" "www.regusciair.com"
44.192.26.60 - - [01/Oct/2022:14:12:21 -0700] "GET /donate_-_donar HTTP/1.1" 200 4713 "-" "CCBot/2.0 (https://commoncrawl.org/faq/)" "www.regusciair.com"
44.192.26.60 - - [01/Oct/2022:14:13:36 -0700] "GET /noticias HTTP/1.1" 200 15224 "-" "CCBot/2.0 (https://commoncrawl.org/faq/)" "www.regusciair.com"
44.192.26.60 - - [01/Oct/2022:14:22:07 -0700] "GET /reports HTTP/1.1" 200 10601 "-" "CCBot/2.0 (https://commoncrawl.org/faq/)" "www.regusciair.com"
20.40.51.31 - - [01/Oct/2022:14:22:59 -0700] "POST / HTTP/1.1" 200 26600 "-" "Mozilla/5.0 (Linux; U; Android 4.4.2; en-US; HM NOTE 1W Build/KOT49H) AppleWebKit/534.30 (KHTML, like Gecko) Version/4.0 UCBrowser/11.0.5.850 U3/0.8.0 Mobile Safari/534.30" "regusciair.com"
20.40.51.31 - - [01/Oct/2022:14:23:06 -0700] "GET /vendor/phpunit/phpunit/src/Util/PHP/eval-stdin.php HTTP/1.1" 404 88 "-" "python-requests/2.28.1" "regusciair.com"
20.40.51.31 - - [01/Oct/2022:14:24:02 -0700] "POST / HTTP/1.1" 200 26600 "-" "Mozilla/5.0 (Linux; U; Android 4.4.2; en-US; HM NOTE 1W Build/KOT49H) AppleWebKit/534.30 (KHTML, like Gecko) Version/4.0 UCBrowser/11.0.5.850 U3/0.8.0 Mobile Safari/534.30" "regusciair.com"
20.40.51.31 - - [01/Oct/2022:14:24:09 -0700] "GET /vendor/phpunit/phpunit/src/Util/PHP/eval-stdin.php HTTP/1.1" 404 88 "-" "python-requests/2.28.1" "regusciair.com"
20.40.51.31 - - [01/Oct/2022:14:24:32 -0700] "POST / HTTP/1.1" 200 26600 "-" "Mozilla/5.0 (Linux; U; Android 4.4.2; en-US; HM NOTE 1W Build/KOT49H) AppleWebKit/534.30 (KHTML, like Gecko) Version/4.0 UCBrowser/11.0.5.850 U3/0.8.0 Mobile Safari/534.30" "regusciair.com"
20.40.51.31 - - [01/Oct/2022:14:24:36 -0700] "GET /vendor/phpunit/phpunit/src/Util/PHP/eval-stdin.php HTTP/1.1" 404 88 "-" "python-requests/2.28.1" "regusciair.com"
185.191.171.17 - - [01/Oct/2022:14:29:37 -0700] "GET /robots.txt HTTP/1.1" 200 57 "-" "Mozilla/5.0 (compatible; SemrushBot/7~bl; +http://www.semrush.com/bot.html)" "regusciair.com"
185.191.171.34 - - [01/Oct/2022:14:29:37 -0700] "GET /investors HTTP/1.1" 200 3542 "-" "Mozilla/5.0 (compatible; SemrushBot/7~bl; +http://www.semrush.com/bot.html)" "regusciair.com"
20.40.51.31 - - [01/Oct/2022:14:32:13 -0700] "POST / HTTP/1.1" 200 26600 "-" "Mozilla/5.0 (Linux; U; Android 4.4.2; en-US; HM NOTE 1W Build/KOT49H) AppleWebKit/534.30 (KHTML, like Gecko) Version/4.0 UCBrowser/11.0.5.850 U3/0.8.0 Mobile Safari/534.30" "regusciair.com"
20.40.51.31 - - [01/Oct/2022:14:32:15 -0700] "GET /vendor/phpunit/phpunit/src/Util/PHP/eval-stdin.php HTTP/1.1" 404 88 "-" "python-requests/2.28.1" "regusciair.com"
20.40.51.31 - - [01/Oct/2022:14:33:09 -0700] "POST / HTTP/1.1" 200 26600 "-" "Mozilla/5.0 (Linux; U; Android 4.4.2; en-US; HM NOTE 1W Build/KOT49H) AppleWebKit/534.30 (KHTML, like Gecko) Version/4.0 UCBrowser/11.0.5.850 U3/0.8.0 Mobile Safari/534.30" "regusciair.com"
20.40.51.31 - - [01/Oct/2022:14:33:18 -0700] "GET /vendor/phpunit/phpunit/src/Util/PHP/eval-stdin.php HTTP/1.1" 404 88 "-" "python-requests/2.28.1" "regusciair.com"
20.40.51.31 - - [01/Oct/2022:14:33:43 -0700] "POST / HTTP/1.1" 200 26600 "-" "Mozilla/5.0 (Linux; U; Android 4.4.2; en-US; HM NOTE 1W Build/KOT49H) AppleWebKit/534.30 (KHTML, like Gecko) Version/4.0 UCBrowser/11.0.5.850 U3/0.8.0 Mobile Safari/534.30" "regusciair.com"
20.40.51.31 - - [01/Oct/2022:14:33:47 -0700] "GET /vendor/phpunit/phpunit/src/Util/PHP/eval-stdin.php HTTP/1.1" 404 88 "-" "python-requests/2.28.1" "regusciair.com"
44.192.26.60 - - [01/Oct/2022:14:35:51 -0700] "GET /quienes_somos HTTP/1.1" 200 6094 "-" "CCBot/2.0 (https://commoncrawl.org/faq/)" "www.regusciair.com"
20.40.51.31 - - [01/Oct/2022:14:36:34 -0700] "POST / HTTP/1.1" 200 26600 "-" "Mozilla/5.0 (Linux; U; Android 4.4.2; en-US; HM NOTE 1W Build/KOT49H) AppleWebKit/534.30 (KHTML, like Gecko) Version/4.0 UCBrowser/11.0.5.850 U3/0.8.0 Mobile Safari/534.30" "regusciair.com"
20.40.51.31 - - [01/Oct/2022:14:36:39 -0700] "GET /vendor/phpunit/phpunit/src/Util/PHP/eval-stdin.php HTTP/1.1" 404 88 "-" "python-requests/2.28.1" "regusciair.com"
20.40.51.31 - - [01/Oct/2022:14:36:56 -0700] "POST / HTTP/1.1" 200 26600 "-" "Mozilla/5.0 (Linux; U; Android 4.4.2; en-US; HM NOTE 1W Build/KOT49H) AppleWebKit/534.30 (KHTML, like Gecko) Version/4.0 UCBrowser/11.0.5.850 U3/0.8.0 Mobile Safari/534.30" "regusciair.com"
20.40.51.31 - - [01/Oct/2022:14:37:01 -0700] "GET /vendor/phpunit/phpunit/src/Util/PHP/eval-stdin.php HTTP/1.1" 404 88 "-" "python-requests/2.28.1" "regusciair.com"
20.40.51.31 - - [01/Oct/2022:14:40:31 -0700] "POST / HTTP/1.1" 200 26600 "-" "Mozilla/5.0 (Linux; U; Android 4.4.2; en-US; HM NOTE 1W Build/KOT49H) AppleWebKit/534.30 (KHTML, like Gecko) Version/4.0 UCBrowser/11.0.5.850 U3/0.8.0 Mobile Safari/534.30" "regusciair.com"
20.40.51.31 - - [01/Oct/2022:14:40:36 -0700] "GET /vendor/phpunit/phpunit/src/Util/PHP/eval-stdin.php HTTP/1.1" 404 88 "-" "python-requests/2.28.1" "regusciair.com"
20.40.51.31 - - [01/Oct/2022:14:44:42 -0700] "POST / HTTP/1.1" 200 26600 "-" "Mozilla/5.0 (Linux; U; Android 4.4.2; en-US; HM NOTE 1W Build/KOT49H) AppleWebKit/534.30 (KHTML, like Gecko) Version/4.0 UCBrowser/11.0.5.850 U3/0.8.0 Mobile Safari/534.30" "regusciair.com"
20.40.51.31 - - [01/Oct/2022:14:44:48 -0700] "GET /vendor/phpunit/phpunit/src/Util/PHP/eval-stdin.php HTTP/1.1" 404 88 "-" "python-requests/2.28.1" "regusciair.com"
54.36.148.12 - - [01/Oct/2022:14:48:43 -0700] "GET /robots.txt HTTP/1.1" 200 57 "-" "Mozilla/5.0 (compatible; AhrefsBot/7.0; +http://ahrefs.com/robot/)" "regusciair.com"
20.40.51.31 - - [01/Oct/2022:14:48:52 -0700] "POST / HTTP/1.1" 200 26600 "-" "Mozilla/5.0 (Linux; U; Android 4.4.2; en-US; HM NOTE 1W Build/KOT49H) AppleWebKit/534.30 (KHTML, like Gecko) Version/4.0 UCBrowser/11.0.5.850 U3/0.8.0 Mobile Safari/534.30" "regusciair.com"
20.40.51.31 - - [01/Oct/2022:14:48:56 -0700] "GET /vendor/phpunit/phpunit/src/Util/PHP/eval-stdin.php HTTP/1.1" 404 88 "-" "python-requests/2.28.1" "regusciair.com"
17.121.112.108 - - [01/Oct/2022:14:51:01 -0700] "GET /favicon.ico HTTP/1.1" 404 88 "-" "Mozilla/5.0 (Macintosh; Intel Mac OS X 10_15_5) AppleWebKit/605.1.15 (KHTML, like Gecko) Version/13.1.1 Safari/605.1.15 (Applebot/0.1; +http://www.apple.com/go/applebot)" "www.regusciair.com"
44.192.26.60 - - [01/Oct/2022:14:51:53 -0700] "GET /inversores HTTP/1.1" 200 3542 "-" "CCBot/2.0 (https://commoncrawl.org/faq/)" "www.regusciair.com"
20.40.51.31 - - [01/Oct/2022:14:52:05 -0700] "POST / HTTP/1.1" 200 26600 "-" "Mozilla/5.0 (Linux; U; Android 4.4.2; en-US; HM NOTE 1W Build/KOT49H) AppleWebKit/534.30 (KHTML, like Gecko) Version/4.0 UCBrowser/11.0.5.850 U3/0.8.0 Mobile Safari/534.30" "regusciair.com"
20.40.51.31 - - [01/Oct/2022:14:52:42 -0700] "POST / HTTP/1.1" 200 26600 "-" "Mozilla/5.0 (Linux; U; Android 4.4.2; en-US; HM NOTE 1W Build/KOT49H) AppleWebKit/534.30 (KHTML, like Gecko) Version/4.0 UCBrowser/11.0.5.850 U3/0.8.0 Mobile Safari/534.30" "regusciair.com"
20.40.51.31 - - [01/Oct/2022:14:52:48 -0700] "GET /vendor/phpunit/phpunit/src/Util/PHP/eval-stdin.php HTTP/1.1" 404 88 "-" "python-requests/2.28.1" "regusciair.com"
20.40.51.31 - - [01/Oct/2022:14:52:55 -0700] "POST / HTTP/1.1" 200 26600 "-" "Mozilla/5.0 (Linux; U; Android 4.4.2; en-US; HM NOTE 1W Build/KOT49H) AppleWebKit/534.30 (KHTML, like Gecko) Version/4.0 UCBrowser/11.0.5.850 U3/0.8.0 Mobile Safari/534.30" "regusciair.com"
20.40.51.31 - - [01/Oct/2022:14:53:00 -0700] "GET /vendor/phpunit/phpunit/src/Util/PHP/eval-stdin.php HTTP/1.1" 404 88 "-" "python-requests/2.28.1" "regusciair.com"
44.192.26.60 - - [01/Oct/2022:15:02:17 -0700] "GET /photos_2 HTTP/1.1" 200 5639 "-" "CCBot/2.0 (https://commoncrawl.org/faq/)" "www.regusciair.com"
44.192.26.60 - - [01/Oct/2022:15:04:09 -0700] "GET /photos HTTP/1.1" 200 10080 "-" "CCBot/2.0 (https://commoncrawl.org/faq/)" "www.regusciair.com"
44.192.26.60 - - [01/Oct/2022:15:10:52 -0700] "GET /preguntas_frecuentes HTTP/1.1" 200 8058 "-" "CCBot/2.0 (https://commoncrawl.org/faq/)" "www.regusciair.com"
20.40.51.31 - - [01/Oct/2022:15:15:59 -0700] "POST / HTTP/1.1" 200 26600 "-" "Mozilla/5.0 (Linux; U; Android 4.4.2; en-US; HM NOTE 1W Build/KOT49H) AppleWebKit/534.30 (KHTML, like Gecko) Version/4.0 UCBrowser/11.0.5.850 U3/0.8.0 Mobile Safari/534.30" "regusciair.com"
20.40.51.31 - - [01/Oct/2022:15:16:08 -0700] "GET /vendor/phpunit/phpunit/src/Util/PHP/eval-stdin.php HTTP/1.1" 404 88 "-" "python-requests/2.28.1" "regusciair.com"
20.40.51.31 - - [01/Oct/2022:15:17:21 -0700] "POST / HTTP/1.1" 200 26600 "-" "Mozilla/5.0 (Linux; U; Android 4.4.2; en-US; HM NOTE 1W Build/KOT49H) AppleWebKit/534.30 (KHTML, like Gecko) Version/4.0 UCBrowser/11.0.5.850 U3/0.8.0 Mobile Safari/534.30" "regusciair.com"
4.236.170.8 - - [01/Oct/2022:15:17:25 -0700] "GET / HTTP/1.1" 200 134620 "-" "Mozilla/5.0 (Windows NT 10.0; Win64; x64) AppleWebKit/537.36 (KHTML, like Gecko) Chrome/78.0.3904.108 Safari/537.36" "regusciair.com"
4.236.170.8 - - [01/Oct/2022:15:17:26 -0700] "GET /wp-includes/wlwmanifest.xml HTTP/1.1" 404 73 "-" "Mozilla/5.0 (Windows NT 10.0; Win64; x64) AppleWebKit/537.36 (KHTML, like Gecko) Chrome/78.0.3904.108 Safari/537.36" "regusciair.com"
4.236.170.8 - - [01/Oct/2022:15:17:26 -0700] "GET /xmlrpc.php?rsd HTTP/1.1" 404 73 "-" "Mozilla/5.0 (Windows NT 10.0; Win64; x64) AppleWebKit/537.36 (KHTML, like Gecko) Chrome/78.0.3904.108 Safari/537.36" "regusciair.com"
4.236.170.8 - - [01/Oct/2022:15:17:26 -0700] "GET / HTTP/1.1" 200 134620 "-" "Mozilla/5.0 (Windows NT 10.0; Win64; x64) AppleWebKit/537.36 (KHTML, like Gecko) Chrome/78.0.3904.108 Safari/537.36" "regusciair.com"
4.236.170.8 - - [01/Oct/2022:15:17:27 -0700] "GET /blog/wp-includes/wlwmanifest.xml HTTP/1.1" 404 73 "-" "Mozilla/5.0 (Windows NT 10.0; Win64; x64) AppleWebKit/537.36 (KHTML, like Gecko) Chrome/78.0.3904.108 Safari/537.36" "regusciair.com"
4.236.170.8 - - [01/Oct/2022:15:17:28 -0700] "GET /web/wp-includes/wlwmanifest.xml HTTP/1.1" 404 73 "-" "Mozilla/5.0 (Windows NT 10.0; Win64; x64) AppleWebKit/537.36 (KHTML, like Gecko) Chrome/78.0.3904.108 Safari/537.36" "regusciair.com"
20.40.51.31 - - [01/Oct/2022:15:17:28 -0700] "GET /vendor/phpunit/phpunit/src/Util/PHP/eval-stdin.php HTTP/1.1" 404 88 "-" "python-requests/2.28.1" "regusciair.com"
4.236.170.8 - - [01/Oct/2022:15:17:28 -0700] "GET /wordpress/wp-includes/wlwmanifest.xml HTTP/1.1" 404 73 "-" "Mozilla/5.0 (Windows NT 10.0; Win64; x64) AppleWebKit/537.36 (KHTML, like Gecko) Chrome/78.0.3904.108 Safari/537.36" "regusciair.com"
4.236.170.8 - - [01/Oct/2022:15:17:28 -0700] "GET /website/wp-includes/wlwmanifest.xml HTTP/1.1" 404 73 "-" "Mozilla/5.0 (Windows NT 10.0; Win64; x64) AppleWebKit/537.36 (KHTML, like Gecko) Chrome/78.0.3904.108 Safari/537.36" "regusciair.com"
4.236.170.8 - - [01/Oct/2022:15:17:28 -0700] "GET /wp/wp-includes/wlwmanifest.xml HTTP/1.1" 404 73 "-" "Mozilla/5.0 (Windows NT 10.0; Win64; x64) AppleWebKit/537.36 (KHTML, like Gecko) Chrome/78.0.3904.108 Safari/537.36" "regusciair.com"
4.236.170.8 - - [01/Oct/2022:15:17:29 -0700] "GET /news/wp-includes/wlwmanifest.xml HTTP/1.1" 200 779 "-" "Mozilla/5.0 (Windows NT 10.0; Win64; x64) AppleWebKit/537.36 (KHTML, like Gecko) Chrome/78.0.3904.108 Safari/537.36" "regusciair.com"
4.236.170.8 - - [01/Oct/2022:15:17:29 -0700] "GET /2018/wp-includes/wlwmanifest.xml HTTP/1.1" 404 73 "-" "Mozilla/5.0 (Windows NT 10.0; Win64; x64) AppleWebKit/537.36 (KHTML, like Gecko) Chrome/78.0.3904.108 Safari/537.36" "regusciair.com"
4.236.170.8 - - [01/Oct/2022:15:17:29 -0700] "GET /2019/wp-includes/wlwmanifest.xml HTTP/1.1" 404 73 "-" "Mozilla/5.0 (Windows NT 10.0; Win64; x64) AppleWebKit/537.36 (KHTML, like Gecko) Chrome/78.0.3904.108 Safari/537.36" "regusciair.com"
4.236.170.8 - - [01/Oct/2022:15:17:30 -0700] "GET /shop/wp-includes/wlwmanifest.xml HTTP/1.1" 404 73 "-" "Mozilla/5.0 (Windows NT 10.0; Win64; x64) AppleWebKit/537.36 (KHTML, like Gecko) Chrome/78.0.3904.108 Safari/537.36" "regusciair.com"
4.236.170.8 - - [01/Oct/2022:15:17:30 -0700] "GET /wp1/wp-includes/wlwmanifest.xml HTTP/1.1" 404 73 "-" "Mozilla/5.0 (Windows NT 10.0; Win64; x64) AppleWebKit/537.36 (KHTML, like Gecko) Chrome/78.0.3904.108 Safari/537.36" "regusciair.com"
4.236.170.8 - - [01/Oct/2022:15:17:30 -0700] "GET /test/wp-includes/wlwmanifest.xml HTTP/1.1" 404 73 "-" "Mozilla/5.0 (Windows NT 10.0; Win64; x64) AppleWebKit/537.36 (KHTML, like Gecko) Chrome/78.0.3904.108 Safari/537.36" "regusciair.com"
4.236.170.8 - - [01/Oct/2022:15:17:31 -0700] "GET /media/wp-includes/wlwmanifest.xml HTTP/1.1" 404 73 "-" "Mozilla/5.0 (Windows NT 10.0; Win64; x64) AppleWebKit/537.36 (KHTML, like Gecko) Chrome/78.0.3904.108 Safari/537.36" "regusciair.com"
4.236.170.8 - - [01/Oct/2022:15:17:31 -0700] "GET /wp2/wp-includes/wlwmanifest.xml HTTP/1.1" 404 73 "-" "Mozilla/5.0 (Windows NT 10.0; Win64; x64) AppleWebKit/537.36 (KHTML, like Gecko) Chrome/78.0.3904.108 Safari/537.36" "regusciair.com"
4.236.170.8 - - [01/Oct/2022:15:17:31 -0700] "GET /site/wp-includes/wlwmanifest.xml HTTP/1.1" 404 73 "-" "Mozilla/5.0 (Windows NT 10.0; Win64; x64) AppleWebKit/537.36 (KHTML, like Gecko) Chrome/78.0.3904.108 Safari/537.36" "regusciair.com"
4.236.170.8 - - [01/Oct/2022:15:17:31 -0700] "GET /cms/wp-includes/wlwmanifest.xml HTTP/1.1" 404 73 "-" "Mozilla/5.0 (Windows NT 10.0; Win64; x64) AppleWebKit/537.36 (KHTML, like Gecko) Chrome/78.0.3904.108 Safari/537.36" "regusciair.com"
4.236.170.8 - - [01/Oct/2022:15:17:32 -0700] "GET /sito/wp-includes/wlwmanifest.xml HTTP/1.1" 404 73 "-" "Mozilla/5.0 (Windows NT 10.0; Win64; x64) AppleWebKit/537.36 (KHTML, like Gecko) Chrome/78.0.3904.108 Safari/537.36" "regusciair.com"
20.40.51.31 - - [01/Oct/2022:15:26:06 -0700] "POST / HTTP/1.1" 200 26600 "-" "Mozilla/5.0 (Linux; U; Android 4.4.2; en-US; HM NOTE 1W Build/KOT49H) AppleWebKit/534.30 (KHTML, like Gecko) Version/4.0 UCBrowser/11.0.5.850 U3/0.8.0 Mobile Safari/534.30" "regusciair.com"
20.40.51.31 - - [01/Oct/2022:15:26:11 -0700] "GET /vendor/phpunit/phpunit/src/Util/PHP/eval-stdin.php HTTP/1.1" 404 88 "-" "python-requests/2.28.1" "regusciair.com"
20.40.51.31 - - [01/Oct/2022:15:27:14 -0700] "POST / HTTP/1.1" 200 26600 "-" "Mozilla/5.0 (Linux; U; Android 4.4.2; en-US; HM NOTE 1W Build/KOT49H) AppleWebKit/534.30 (KHTML, like Gecko) Version/4.0 UCBrowser/11.0.5.850 U3/0.8.0 Mobile Safari/534.30" "regusciair.com"
20.40.51.31 - - [01/Oct/2022:15:27:20 -0700] "GET /vendor/phpunit/phpunit/src/Util/PHP/eval-stdin.php HTTP/1.1" 404 88 "-" "python-requests/2.28.1" "regusciair.com"
20.40.51.31 - - [01/Oct/2022:15:31:03 -0700] "POST / HTTP/1.1" 200 26600 "-" "Mozilla/5.0 (Linux; U; Android 4.4.2; en-US; HM NOTE 1W Build/KOT49H) AppleWebKit/534.30 (KHTML, like Gecko) Version/4.0 UCBrowser/11.0.5.850 U3/0.8.0 Mobile Safari/534.30" "regusciair.com"
20.40.51.31 - - [01/Oct/2022:15:31:11 -0700] "GET /vendor/phpunit/phpunit/src/Util/PHP/eval-stdin.php HTTP/1.1" 404 88 "-" "python-requests/2.28.1" "regusciair.com"
20.40.51.31 - - [01/Oct/2022:15:53:11 -0700] "POST / HTTP/1.1" 200 26600 "-" "Mozilla/5.0 (Linux; U; Android 4.4.2; en-US; HM NOTE 1W Build/KOT49H) AppleWebKit/534.30 (KHTML, like Gecko) Version/4.0 UCBrowser/11.0.5.850 U3/0.8.0 Mobile Safari/534.30" "regusciair.com"
20.40.51.31 - - [01/Oct/2022:16:04:21 -0700] "POST / HTTP/1.1" 200 26600 "-" "Mozilla/5.0 (Linux; U; Android 4.4.2; en-US; HM NOTE 1W Build/KOT49H) AppleWebKit/534.30 (KHTML, like Gecko) Version/4.0 UCBrowser/11.0.5.850 U3/0.8.0 Mobile Safari/534.30" "regusciair.com"
20.40.51.31 - - [01/Oct/2022:16:04:28 -0700] "GET /vendor/phpunit/phpunit/src/Util/PHP/eval-stdin.php HTTP/1.1" 404 88 "-" "python-requests/2.28.1" "regusciair.com"
20.40.51.31 - - [01/Oct/2022:16:05:05 -0700] "POST / HTTP/1.1" 200 26600 "-" "Mozilla/5.0 (Linux; U; Android 4.4.2; en-US; HM NOTE 1W Build/KOT49H) AppleWebKit/534.30 (KHTML, like Gecko) Version/4.0 UCBrowser/11.0.5.850 U3/0.8.0 Mobile Safari/534.30" "regusciair.com"
20.40.51.31 - - [01/Oct/2022:16:06:15 -0700] "POST / HTTP/1.1" 200 26600 "-" "Mozilla/5.0 (Linux; U; Android 4.4.2; en-US; HM NOTE 1W Build/KOT49H) AppleWebKit/534.30 (KHTML, like Gecko) Version/4.0 UCBrowser/11.0.5.850 U3/0.8.0 Mobile Safari/534.30" "regusciair.com"
64.124.8.38 - - [01/Oct/2022:16:10:51 -0700] "GET /robots.txt HTTP/1.1" 200 57 "-" "Mozilla/5.0 (X11; Linux x86_64) AppleWebKit/537.36 (KHTML, like Gecko) Chrome/61.0.3163.79 Safari/537.36" "www.regusciair.com"
20.40.51.31 - - [01/Oct/2022:16:18:14 -0700] "POST / HTTP/1.1" 200 26600 "-" "Mozilla/5.0 (Linux; U; Android 4.4.2; en-US; HM NOTE 1W Build/KOT49H) AppleWebKit/534.30 (KHTML, like Gecko) Version/4.0 UCBrowser/11.0.5.850 U3/0.8.0 Mobile Safari/534.30" "regusciair.com"
20.40.51.31 - - [01/Oct/2022:16:18:24 -0700] "GET /vendor/phpunit/phpunit/src/Util/PHP/eval-stdin.php HTTP/1.1" 404 88 "-" "python-requests/2.28.1" "regusciair.com"
20.40.51.31 - - [01/Oct/2022:16:27:05 -0700] "POST / HTTP/1.1" 200 26600 "-" "Mozilla/5.0 (Linux; U; Android 4.4.2; en-US; HM NOTE 1W Build/KOT49H) AppleWebKit/534.30 (KHTML, like Gecko) Version/4.0 UCBrowser/11.0.5.850 U3/0.8.0 Mobile Safari/534.30" "regusciair.com"
20.40.51.31 - - [01/Oct/2022:16:27:13 -0700] "GET /vendor/phpunit/phpunit/src/Util/PHP/eval-stdin.php HTTP/1.1" 404 88 "-" "python-requests/2.28.1" "regusciair.com"
20.40.51.31 - - [01/Oct/2022:16:31:30 -0700] "POST / HTTP/1.1" 200 26600 "-" "Mozilla/5.0 (Linux; U; Android 4.4.2; en-US; HM NOTE 1W Build/KOT49H) AppleWebKit/534.30 (KHTML, like Gecko) Version/4.0 UCBrowser/11.0.5.850 U3/0.8.0 Mobile Safari/534.30" "regusciair.com"
20.40.51.31 - - [01/Oct/2022:16:39:07 -0700] "POST / HTTP/1.1" 200 26600 "-" "Mozilla/5.0 (Linux; U; Android 4.4.2; en-US; HM NOTE 1W Build/KOT49H) AppleWebKit/534.30 (KHTML, like Gecko) Version/4.0 UCBrowser/11.0.5.850 U3/0.8.0 Mobile Safari/534.30" "regusciair.com"
20.40.51.31 - - [01/Oct/2022:16:39:14 -0700] "GET /vendor/phpunit/phpunit/src/Util/PHP/eval-stdin.php HTTP/1.1" 404 88 "-" "python-requests/2.28.1" "regusciair.com"
142.54.173.138 - - [01/Oct/2022:16:47:01 -0700] "GET /contact_us/ HTTP/1.1" 200 37527 "https://regusciair.com/contact_us/" "Mozilla/5.0 (Windows NT 10.0) AppleWebKit/537.36 (KHTML, like Gecko) Chrome/90.0.4430.85 Safari/537.36" "regusciair.com"
142.54.173.138 - - [01/Oct/2022:16:47:01 -0700] "POST /contact_us/ HTTP/1.1" 200 37527 "https://regusciair.com/contact_us/" "Mozilla/5.0 (Windows NT 10.0) AppleWebKit/537.36 (KHTML, like Gecko) Chrome/90.0.4430.85 Safari/537.36" "regusciair.com"
20.40.51.31 - - [01/Oct/2022:16:51:14 -0700] "POST / HTTP/1.1" 200 26600 "-" "Mozilla/5.0 (Linux; U; Android 4.4.2; en-US; HM NOTE 1W Build/KOT49H) AppleWebKit/534.30 (KHTML, like Gecko) Version/4.0 UCBrowser/11.0.5.850 U3/0.8.0 Mobile Safari/534.30" "regusciair.com"
20.40.51.31 - - [01/Oct/2022:16:51:18 -0700] "GET /vendor/phpunit/phpunit/src/Util/PHP/eval-stdin.php HTTP/1.1" 404 88 "-" "python-requests/2.28.1" "regusciair.com"
157.55.39.223 - - [01/Oct/2022:16:54:16 -0700] "GET /informes HTTP/1.1" 200 16821 "-" "Mozilla/5.0 (compatible; bingbot/2.0; +http://www.bing.com/bingbot.htm)" "regusciair.com"
